Archive member included to satisfy reference by file (symbol)

c:/program files (x86)/atmel/studio/7.0/toolchain/arm/arm-gnu-toolchain/bin/../lib/gcc/arm-none-eabi/6.3.1/thumb/v6-m\libgcc.a(_udivsi3.o)
                              src/ASF/thirdparty/freertos/freertos-10.0.0/Source/portable/GCC/ARM_CM0/port.o (__aeabi_uidiv)
c:/program files (x86)/atmel/studio/7.0/toolchain/arm/arm-gnu-toolchain/bin/../lib/gcc/arm-none-eabi/6.3.1/thumb/v6-m\libgcc.a(_dvmd_tls.o)
                              c:/program files (x86)/atmel/studio/7.0/toolchain/arm/arm-gnu-toolchain/bin/../lib/gcc/arm-none-eabi/6.3.1/thumb/v6-m\libgcc.a(_udivsi3.o) (__aeabi_idiv0)
c:/program files (x86)/atmel/studio/7.0/toolchain/arm/arm-gnu-toolchain/bin/../lib/gcc/arm-none-eabi/6.3.1/thumb/v6-m\libgcc.a(_muldi3.o)
                              src/ASF/sam0/drivers/sercom/sercom.o (__aeabi_lmul)
c:/program files (x86)/atmel/studio/7.0/toolchain/arm/arm-gnu-toolchain/bin/../lib/gcc/arm-none-eabi/6.3.1/../../../../arm-none-eabi/lib/thumb/v6-m\libc_nano.a(lib_a-exit.o)
                              c:/program files (x86)/atmel/studio/7.0/toolchain/arm/arm-gnu-toolchain/bin/../lib/gcc/arm-none-eabi/6.3.1/../../../../arm-none-eabi/lib/thumb/v6-m/crt0.o (exit)
c:/program files (x86)/atmel/studio/7.0/toolchain/arm/arm-gnu-toolchain/bin/../lib/gcc/arm-none-eabi/6.3.1/../../../../arm-none-eabi/lib/thumb/v6-m\libc_nano.a(lib_a-impure.o)
                              c:/program files (x86)/atmel/studio/7.0/toolchain/arm/arm-gnu-toolchain/bin/../lib/gcc/arm-none-eabi/6.3.1/../../../../arm-none-eabi/lib/thumb/v6-m\libc_nano.a(lib_a-exit.o) (_global_impure_ptr)
c:/program files (x86)/atmel/studio/7.0/toolchain/arm/arm-gnu-toolchain/bin/../lib/gcc/arm-none-eabi/6.3.1/../../../../arm-none-eabi/lib/thumb/v6-m\libc_nano.a(lib_a-init.o)
                              c:/program files (x86)/atmel/studio/7.0/toolchain/arm/arm-gnu-toolchain/bin/../lib/gcc/arm-none-eabi/6.3.1/../../../../arm-none-eabi/lib/thumb/v6-m/crt0.o (__libc_init_array)
c:/program files (x86)/atmel/studio/7.0/toolchain/arm/arm-gnu-toolchain/bin/../lib/gcc/arm-none-eabi/6.3.1/../../../../arm-none-eabi/lib/thumb/v6-m\libc_nano.a(lib_a-malloc.o)
                              src/SerialConsole/circular_buffer.o (malloc)
c:/program files (x86)/atmel/studio/7.0/toolchain/arm/arm-gnu-toolchain/bin/../lib/gcc/arm-none-eabi/6.3.1/../../../../arm-none-eabi/lib/thumb/v6-m\libc_nano.a(lib_a-memcpy-stub.o)
                              src/ASF/thirdparty/freertos/freertos-10.0.0/Source/queue.o (memcpy)
c:/program files (x86)/atmel/studio/7.0/toolchain/arm/arm-gnu-toolchain/bin/../lib/gcc/arm-none-eabi/6.3.1/../../../../arm-none-eabi/lib/thumb/v6-m\libc_nano.a(lib_a-memset.o)
                              c:/program files (x86)/atmel/studio/7.0/toolchain/arm/arm-gnu-toolchain/bin/../lib/gcc/arm-none-eabi/6.3.1/../../../../arm-none-eabi/lib/thumb/v6-m/crt0.o (memset)
c:/program files (x86)/atmel/studio/7.0/toolchain/arm/arm-gnu-toolchain/bin/../lib/gcc/arm-none-eabi/6.3.1/../../../../arm-none-eabi/lib/thumb/v6-m\libc_nano.a(lib_a-nano-freer.o)
                              c:/program files (x86)/atmel/studio/7.0/toolchain/arm/arm-gnu-toolchain/bin/../lib/gcc/arm-none-eabi/6.3.1/../../../../arm-none-eabi/lib/thumb/v6-m\libc_nano.a(lib_a-malloc.o) (_free_r)
c:/program files (x86)/atmel/studio/7.0/toolchain/arm/arm-gnu-toolchain/bin/../lib/gcc/arm-none-eabi/6.3.1/../../../../arm-none-eabi/lib/thumb/v6-m\libc_nano.a(lib_a-nano-mallocr.o)
                              c:/program files (x86)/atmel/studio/7.0/toolchain/arm/arm-gnu-toolchain/bin/../lib/gcc/arm-none-eabi/6.3.1/../../../../arm-none-eabi/lib/thumb/v6-m\libc_nano.a(lib_a-malloc.o) (_malloc_r)
c:/program files (x86)/atmel/studio/7.0/toolchain/arm/arm-gnu-toolchain/bin/../lib/gcc/arm-none-eabi/6.3.1/../../../../arm-none-eabi/lib/thumb/v6-m\libc_nano.a(lib_a-sbrkr.o)
                              c:/program files (x86)/atmel/studio/7.0/toolchain/arm/arm-gnu-toolchain/bin/../lib/gcc/arm-none-eabi/6.3.1/../../../../arm-none-eabi/lib/thumb/v6-m\libc_nano.a(lib_a-nano-mallocr.o) (_sbrk_r)
c:/program files (x86)/atmel/studio/7.0/toolchain/arm/arm-gnu-toolchain/bin/../lib/gcc/arm-none-eabi/6.3.1/../../../../arm-none-eabi/lib/thumb/v6-m\libc_nano.a(lib_a-snprintf.o)
                              src/CliThread/CliThread.o (snprintf)
c:/program files (x86)/atmel/studio/7.0/toolchain/arm/arm-gnu-toolchain/bin/../lib/gcc/arm-none-eabi/6.3.1/../../../../arm-none-eabi/lib/thumb/v6-m\libc_nano.a(lib_a-sprintf.o)
                              src/CliThread/CliThread.o (sprintf)
c:/program files (x86)/atmel/studio/7.0/toolchain/arm/arm-gnu-toolchain/bin/../lib/gcc/arm-none-eabi/6.3.1/../../../../arm-none-eabi/lib/thumb/v6-m\libc_nano.a(lib_a-strcasecmp.o)
                              src/CliThread/CliThread.o (strcasecmp)
[...]
Memory Configuration

Name             Origin             Length             Attributes
rom              0x00000000         0x00040000         xr
ram              0x20000000         0x00008000         xrw
*default*        0x00000000         0xffffffff

Linker script and memory map

LOAD c:/program files (x86)/atmel/studio/7.0/toolchain/arm/arm-gnu-toolchain/bin/../lib/gcc/arm-none-eabi/6.3.1/thumb/v6-m/crti.o
LOAD c:/program files (x86)/atmel/studio/7.0/toolchain/arm/arm-gnu-toolchain/bin/../lib/gcc/arm-none-eabi/6.3.1/thumb/v6-m/crtbegin.o
LOAD c:/program files (x86)/atmel/studio/7.0/toolchain/arm/arm-gnu-toolchain/bin/../lib/gcc/arm-none-eabi/6.3.1/../../../../arm-none-eabi/lib/thumb/v6-m/crt0.o
LOAD src/ASF/common/utils/interrupt/interrupt_sam_nvic.o
LOAD src/ASF/sam0/boards/samw25_xplained_pro/board_init.o
LOAD src/ASF/sam0/drivers/port/port.o
LOAD src/ASF/sam0/drivers/sercom/sercom.o
LOAD src/ASF/sam0/drivers/system/pinmux/pinmux.o
LOAD src/ASF/sam0/utils/cmsis/samd21/source/gcc/startup_samd21.o
LOAD src/ASF/sam0/utils/cmsis/samd21/source/system_samd21.o
LOAD src/ASF/sam0/utils/syscalls/gcc/syscalls.o
LOAD src/ASF/thirdparty/freertos/freertos-10.0.0/Source/croutine.o
LOAD src/ASF/thirdparty/freertos/freertos-10.0.0/Source/event_groups.o
LOAD src/ASF/thirdparty/freertos/freertos-10.0.0/Source/FreeRTOS-Plus-CLI/FreeRTOS_CLI.o
LOAD src/ASF/thirdparty/freertos/freertos-10.0.0/Source/list.o
LOAD src/ASF/thirdparty/freertos/freertos-10.0.0/Source/portable/GCC/ARM_CM0/port.o
LOAD src/ASF/thirdparty/freertos/freertos-10.0.0/Source/portable/MemMang/heap_1.o
LOAD src/ASF/thirdparty/freertos/freertos-10.0.0/Source/queue.o
LOAD src/ASF/thirdparty/freertos/freertos-10.0.0/Source/stream_buffer.o
LOAD src/ASF/thirdparty/freertos/freertos-10.0.0/Source/tasks.o
LOAD src/ASF/thirdparty/freertos/freertos-10.0.0/Source/timers.o
LOAD src/CliThread/CliThread.o
LOAD src/SerialConsole/circular_buffer.o
LOAD src/SerialConsole/SerialConsole.o
LOAD src/ASF/sam0/drivers/sercom/usart/usart.o
LOAD src/ASF/sam0/drivers/sercom/usart/usart_interrupt.o
LOAD src/ASF/sam0/drivers/sercom/sercom_interrupt.o
LOAD src/ASF/common2/services/delay/sam0/systick_counter.o
LOAD src/ASF/sam0/drivers/system/clock/clock_samd21_r21_da_ha1/clock.o
LOAD src/ASF/sam0/drivers/system/clock/clock_samd21_r21_da_ha1/gclk.o
LOAD src/ASF/sam0/drivers/system/interrupt/system_interrupt.o
LOAD src/ASF/sam0/drivers/system/system.o
LOAD src/main.o
START GROUP
LOAD ../src/ASF/thirdparty/CMSIS/Lib/GCC\libarm_cortexM0l_math.a
LOAD c:/program files (x86)/atmel/studio/7.0/toolchain/arm/arm-gnu-toolchain/bin/../lib/gcc/arm-none-eabi/6.3.1/../../../../arm-none-eabi/lib/thumb/v6-m\libm.a
END GROUP
START GROUP
LOAD c:/program files (x86)/atmel/studio/7.0/toolchain/arm/arm-gnu-toolchain/bin/../lib/gcc/arm-none-eabi/6.3.1/thumb/v6-m\libgcc.a
LOAD c:/program files (x86)/atmel/studio/7.0/toolchain/arm/arm-gnu-toolchain/bin/../lib/gcc/arm-none-eabi/6.3.1/../../../../arm-none-eabi/lib/thumb/v6-m\libc_nano.a
END GROUP
START GROUP
LOAD c:/program files (x86)/atmel/studio/7.0/toolchain/arm/arm-gnu-toolchain/bin/../lib/gcc/arm-none-eabi/6.3.1/thumb/v6-m\libgcc.a
LOAD c:/program files (x86)/atmel/studio/7.0/toolchain/arm/arm-gnu-toolchain/bin/../lib/gcc/arm-none-eabi/6.3.1/../../../../arm-none-eabi/lib/thumb/v6-m\libc_nano.a
END GROUP
LOAD c:/program files (x86)/atmel/studio/7.0/toolchain/arm/arm-gnu-toolchain/bin/../lib/gcc/arm-none-eabi/6.3.1/thumb/v6-m/crtend.o
LOAD c:/program files (x86)/atmel/studio/7.0/toolchain/arm/arm-gnu-toolchain/bin/../lib/gcc/arm-none-eabi/6.3.1/thumb/v6-m/crtn.o
                0x00002000                STACK_SIZE = DEFINED (STACK_SIZE)?STACK_SIZE:DEFINED (__stack_size__)?__stack_size__:0x2000

.text           0x00000000     0x67fc
                0x00000000                . = ALIGN (0x4)
                0x00000000                _sfixed = .
 *(.vectors .vectors.*)
 .vectors       0x00000000       0xb4 src/ASF/sam0/utils/cmsis/samd21/source/gcc/startup_samd21.o
                0x00000000                exception_table
 *(.text .text.* .gnu.linkonce.t.*)
 .text          0x000000b4       0x60 c:/program files (x86)/atmel/studio/7.0/toolchain/arm/arm-gnu-toolchain/bin/../lib/gcc/arm-none-eabi/6.3.1/thumb/v6-m/crtbegin.o
 .text.cpu_irq_enter_critical
                0x00000114       0x54 src/ASF/common/utils/interrupt/interrupt_sam_nvic.o
                0x00000114                cpu_irq_enter_critical
 .text.cpu_irq_leave_critical
                0x00000168       0x40 src/ASF/common/utils/interrupt/interrupt_sam_nvic.o
                0x00000168                cpu_irq_leave_critical
 .text.system_pinmux_get_group_from_gpio_pin
                0x000001a8       0x60 src/ASF/sam0/boards/samw25_xplained_pro/board_init.o
 .text.port_get_group_from_gpio_pin
                0x00000208       0x24 src/ASF/sam0/boards/samw25_xplained_pro/board_init.o
 .text.port_get_config_defaults
                0x0000022c       0x22 src/ASF/sam0/boards/samw25_xplained_pro/board_init.o
 *fill*         0x0000024e        0x2 
 .text.port_pin_set_output_level
                0x00000250       0x54 src/ASF/sam0/boards/samw25_xplained_pro/board_init.o
 .text.system_board_init
                0x000002a4       0x50 src/ASF/sam0/boards/samw25_xplained_pro/board_init.o
                0x000002a4                board_init
                0x000002a4                system_board_init
 .text.system_pinmux_get_config_defaults
                0x000002f4       0x28 src/ASF/sam0/drivers/port/port.o
 .text.port_pin_set_config
                0x0000031c       0x60 src/ASF/sam0/drivers/port/port.o
                0x0000031c                port_pin_set_config
 .text.system_gclk_chan_get_config_defaults
                0x0000037c       0x16 src/ASF/sam0/drivers/sercom/sercom.o
 .text.long_division
                0x00000392       0xe0 src/ASF/sam0/drivers/sercom/sercom.o
 .text._sercom_get_sync_baud_val
                0x00000472       0x7c src/ASF/sam0/drivers/sercom/sercom.o
                0x00000472                _sercom_get_sync_baud_val
 *fill*         0x000004ee        0x2 
 .text._sercom_get_async_baud_val
                0x000004f0      0x1c0 src/ASF/sam0/drivers/sercom/sercom.o
                0x000004f0                _sercom_get_async_baud_val
 .text.sercom_set_gclk_generator
                0x000006b0       0x8c src/ASF/sam0/drivers/sercom/sercom.o
                0x000006b0                sercom_set_gclk_generator
 .text._sercom_get_default_pad
                0x0000073c      0x1bc src/ASF/sam0/drivers/sercom/sercom.o
                0x0000073c                _sercom_get_default_pad
 .text._sercom_get_sercom_inst_index
                0x000008f8       0x50 src/ASF/sam0/drivers/sercom/sercom.o
                0x000008f8                _sercom_get_sercom_inst_index
 .text.system_pinmux_get_group_from_gpio_pin
                0x00000948       0x60 src/ASF/sam0/drivers/system/pinmux/pinmux.o
 .text._system_pinmux_config
                0x000009a8      0x110 src/ASF/sam0/drivers/system/pinmux/pinmux.o
 .text.system_pinmux_pin_set_config
                0x00000ab8       0x48 src/ASF/sam0/drivers/system/pinmux/pinmux.o
                0x00000ab8                system_pinmux_pin_set_config
 .text.Reset_Handler
                0x00000b00       0xf8 src/ASF/sam0/utils/cmsis/samd21/source/gcc/startup_samd21.o
                0x00000b00                Reset_Handler
 .text.Dummy_Handler
                0x00000bf8        0x6 src/ASF/sam0/utils/cmsis/samd21/source/gcc/startup_samd21.o
                0x00000bf8                DMAC_Handler
                0x00000bf8                HardFault_Handler
                0x00000bf8                AC_Handler
                0x00000bf8                NMI_Handler
                0x00000bf8                ADC_Handler
                0x00000bf8                TCC1_Handler
                0x00000bf8                TCC0_Handler
                0x00000bf8                RTC_Handler
                0x00000bf8                EIC_Handler
                0x00000bf8                WDT_Handler
                0x00000bf8                TC4_Handler
                0x00000bf8                USB_Handler
                0x00000bf8                TC3_Handler
                0x00000bf8                Dummy_Handler
                0x00000bf8                PM_Handler
                0x00000bf8                TCC2_Handler
                0x00000bf8                EVSYS_Handler
                0x00000bf8                I2S_Handler
                0x00000bf8                NVMCTRL_Handler
                0x00000bf8                DAC_Handler
                0x00000bf8                PTC_Handler
                0x00000bf8                TC5_Handler
                0x00000bf8                SYSCTRL_Handler
 *fill*         0x00000bfe        0x2 
 .text._sbrk    0x00000c00       0x3c src/ASF/sam0/utils/syscalls/gcc/syscalls.o
                0x00000c00                _sbrk
 .text.FreeRTOS_CLIRegisterCommand
                0x00000c3c       0x70 src/ASF/thirdparty/freertos/freertos-10.0.0/Source/FreeRTOS-Plus-CLI/FreeRTOS_CLI.o
                0x00000c3c                FreeRTOS_CLIRegisterCommand
 .text.FreeRTOS_CLIProcessCommand
                0x00000cac      0x128 src/ASF/thirdparty/freertos/freertos-10.0.0/Source/FreeRTOS-Plus-CLI/FreeRTOS_CLI.o
                0x00000cac                FreeRTOS_CLIProcessCommand
 .text.prvHelpCommand
                0x00000dd4       0x60 src/ASF/thirdparty/freertos/freertos-10.0.0/Source/FreeRTOS-Plus-CLI/FreeRTOS_CLI.o
 .text.prvGetNumberOfParameters
                0x00000e34       0x7a src/ASF/thirdparty/freertos/freertos-10.0.0/Source/FreeRTOS-Plus-CLI/FreeRTOS_CLI.o
 .text.vListInitialise
                0x00000eae       0x3c src/ASF/thirdparty/freertos/freertos-10.0.0/Source/list.o
                0x00000eae                vListInitialise
 .text.vListInitialiseItem
                0x00000eea       0x16 src/ASF/thirdparty/freertos/freertos-10.0.0/Source/list.o
                0x00000eea                vListInitialiseItem
 .text.vListInsertEnd
                0x00000f00       0x44 src/ASF/thirdparty/freertos/freertos-10.0.0/Source/list.o
                0x00000f00                vListInsertEnd
 .text.vListInsert
                0x00000f44       0x6c src/ASF/thirdparty/freertos/freertos-10.0.0/Source/list.o
                0x00000f44                vListInsert
 .text.uxListRemove
                0x00000fb0       0x50 src/ASF/thirdparty/freertos/freertos-10.0.0/Source/list.o
                0x00000fb0                uxListRemove
 .text.pxPortInitialiseStack
                0x00001000       0x54 src/ASF/thirdparty/freertos/freertos-10.0.0/Source/portable/GCC/ARM_CM0/port.o
                0x00001000                pxPortInitialiseStack
 .text.prvTaskExitError
                0x00001054       0x2c src/ASF/thirdparty/freertos/freertos-10.0.0/Source/portable/GCC/ARM_CM0/port.o
 .text.SVC_Handler
                0x00001080        0xa src/ASF/thirdparty/freertos/freertos-10.0.0/Source/portable/GCC/ARM_CM0/port.o
                0x00001080                SVC_Handler
 *fill*         0x0000108a        0x6 
 .text.vPortStartFirstTask
                0x00001090       0x38 src/ASF/thirdparty/freertos/freertos-10.0.0/Source/portable/GCC/ARM_CM0/port.o
 .text.xPortStartScheduler
                0x000010c8       0x58 src/ASF/thirdparty/freertos/freertos-10.0.0/Source/portable/GCC/ARM_CM0/port.o
                0x000010c8                xPortStartScheduler
 .text.vPortYield
                0x00001120       0x20 src/ASF/thirdparty/freertos/freertos-10.0.0/Source/portable/GCC/ARM_CM0/port.o
                0x00001120                vPortYield
 .text.vPortEnterCritical
                0x00001140       0x24 src/ASF/thirdparty/freertos/freertos-10.0.0/Source/portable/GCC/ARM_CM0/port.o
                0x00001140                vPortEnterCritical
 .text.vPortExitCritical
                0x00001164       0x30 src/ASF/thirdparty/freertos/freertos-10.0.0/Source/portable/GCC/ARM_CM0/port.o
                0x00001164                vPortExitCritical
 .text.ulSetInterruptMaskFromISR
                0x00001194        0xc src/ASF/thirdparty/freertos/freertos-10.0.0/Source/portable/GCC/ARM_CM0/port.o
                0x00001194                ulSetInterruptMaskFromISR
 .text.vClearInterruptMaskFromISR
                0x000011a0        0x8 src/ASF/thirdparty/freertos/freertos-10.0.0/Source/portable/GCC/ARM_CM0/port.o
                0x000011a0                vClearInterruptMaskFromISR
 *fill*         0x000011a8        0x8 
 .text.PendSV_Handler
                0x000011b0       0x48 src/ASF/thirdparty/freertos/freertos-10.0.0/Source/portable/GCC/ARM_CM0/port.o
                0x000011b0                PendSV_Handler
 .text.SysTick_Handler
                0x000011f8       0x40 src/ASF/thirdparty/freertos/freertos-10.0.0/Source/portable/GCC/ARM_CM0/port.o
                0x000011f8                SysTick_Handler
 .text.prvSetupTimerInterrupt
                0x00001238       0x48 src/ASF/thirdparty/freertos/freertos-10.0.0/Source/portable/GCC/ARM_CM0/port.o
 .text.pvPortMalloc
                0x00001280       0xa0 src/ASF/thirdparty/freertos/freertos-10.0.0/Source/portable/MemMang/heap_1.o
                0x00001280                pvPortMalloc
 .text.vPortFree
                0x00001320       0x1a src/ASF/thirdparty/freertos/freertos-10.0.0/Source/portable/MemMang/heap_1.o
                0x00001320                vPortFree
 *fill*         0x0000133a        0x2 
 .text.xPortGetFreeHeapSize
                0x0000133c       0x1c src/ASF/thirdparty/freertos/freertos-10.0.0/Source/portable/MemMang/heap_1.o
                0x0000133c                xPortGetFreeHeapSize
 .text.xQueueGenericReset
                0x00001358       0xbc src/ASF/thirdparty/freertos/freertos-10.0.0/Source/queue.o
                0x00001358                xQueueGenericReset
 .text.xQueueGenericCreate
                0x00001414       0x6c src/ASF/thirdparty/freertos/freertos-10.0.0/Source/queue.o
                0x00001414                xQueueGenericCreate
 .text.prvInitialiseNewQueue
                0x00001480       0x58 src/ASF/thirdparty/freertos/freertos-10.0.0/Source/queue.o
 .text.prvInitialiseMutex
                0x000014d8       0x38 src/ASF/thirdparty/freertos/freertos-10.0.0/Source/queue.o
 .text.xQueueCreateMutex
                0x00001510       0x40 src/ASF/thirdparty/freertos/freertos-10.0.0/Source/queue.o
                0x00001510                xQueueCreateMutex
 .text.xQueueGenericSend
                0x00001550      0x1e0 src/ASF/thirdparty/freertos/freertos-10.0.0/Source/queue.o
                0x00001550                xQueueGenericSend
 .text.xQueueGenericSendFromISR
                0x00001730      0x120 src/ASF/thirdparty/freertos/freertos-10.0.0/Source/queue.o
                0x00001730                xQueueGenericSendFromISR
 .text.xQueueReceive
                0x00001850      0x1a0 src/ASF/thirdparty/freertos/freertos-10.0.0/Source/queue.o
                0x00001850                xQueueReceive
 .text.xQueueSemaphoreTake
                0x000019f0      0x1f4 src/ASF/thirdparty/freertos/freertos-10.0.0/Source/queue.o
                0x000019f0                xQueueSemaphoreTake
 .text.prvGetDisinheritPriorityAfterTimeout
                0x00001be4       0x2c src/ASF/thirdparty/freertos/freertos-10.0.0/Source/queue.o
 .text.prvCopyDataToQueue
                0x00001c10       0xe0 src/ASF/thirdparty/freertos/freertos-10.0.0/Source/queue.o
 .text.prvCopyDataFromQueue
                0x00001cf0       0x50 src/ASF/thirdparty/freertos/freertos-10.0.0/Source/queue.o
 .text.prvUnlockQueue
                0x00001d40       0xf0 src/ASF/thirdparty/freertos/freertos-10.0.0/Source/queue.o
 .text.prvIsQueueEmpty
                0x00001e30       0x34 src/ASF/thirdparty/freertos/freertos-10.0.0/Source/queue.o
 .text.prvIsQueueFull
                0x00001e64       0x38 src/ASF/thirdparty/freertos/freertos-10.0.0/Source/queue.o
 .text.vQueueWaitForMessageRestricted
                0x00001e9c       0x78 src/ASF/thirdparty/freertos/freertos-10.0.0/Source/queue.o
                0x00001e9c                vQueueWaitForMessageRestricted
 .text.prvNotifyQueueSetContainer
                0x00001f14       0xa4 src/ASF/thirdparty/freertos/freertos-10.0.0/Source/queue.o
 .text.xTaskCreate
                0x00001fb8       0xa0 src/ASF/thirdparty/freertos/freertos-10.0.0/Source/tasks.o
                0x00001fb8                xTaskCreate
 .text.prvInitialiseNewTask
                0x00002058      0x110 src/ASF/thirdparty/freertos/freertos-10.0.0/Source/tasks.o
 .text.prvAddNewTaskToReadyList
                0x00002168       0xe4 src/ASF/thirdparty/freertos/freertos-10.0.0/Source/tasks.o
 .text.vTaskStartScheduler
                0x0000224c       0x84 src/ASF/thirdparty/freertos/freertos-10.0.0/Source/tasks.o
                0x0000224c                vTaskStartScheduler
 .text.vTaskSuspendAll
                0x000022d0       0x18 src/ASF/thirdparty/freertos/freertos-10.0.0/Source/tasks.o
                0x000022d0                vTaskSuspendAll
 .text.xTaskResumeAll
                0x000022e8      0x134 src/ASF/thirdparty/freertos/freertos-10.0.0/Source/tasks.o
                0x000022e8                xTaskResumeAll
 .text.xTaskGetTickCount
                0x0000241c       0x1c src/ASF/thirdparty/freertos/freertos-10.0.0/Source/tasks.o
                0x0000241c                xTaskGetTickCount
 .text.xTaskIncrementTick
                0x00002438      0x174 src/ASF/thirdparty/freertos/freertos-10.0.0/Source/tasks.o
                0x00002438                xTaskIncrementTick
 .text.vTaskSwitchContext
                0x000025ac       0xc8 src/ASF/thirdparty/freertos/freertos-10.0.0/Source/tasks.o
                0x000025ac                vTaskSwitchContext
 .text.vTaskPlaceOnEventList
                0x00002674       0x44 src/ASF/thirdparty/freertos/freertos-10.0.0/Source/tasks.o
                0x00002674                vTaskPlaceOnEventList
 .text.vTaskPlaceOnEventListRestricted
                0x000026b8       0x54 src/ASF/thirdparty/freertos/freertos-10.0.0/Source/tasks.o
                0x000026b8                vTaskPlaceOnEventListRestricted
 .text.xTaskRemoveFromEventList
                0x0000270c       0xc0 src/ASF/thirdparty/freertos/freertos-10.0.0/Source/tasks.o
                0x0000270c                xTaskRemoveFromEventList
 .text.vTaskInternalSetTimeOutState
                0x000027cc       0x28 src/ASF/thirdparty/freertos/freertos-10.0.0/Source/tasks.o
                0x000027cc                vTaskInternalSetTimeOutState
 .text.xTaskCheckForTimeOut
                0x000027f4       0xac src/ASF/thirdparty/freertos/freertos-10.0.0/Source/tasks.o
                0x000027f4                xTaskCheckForTimeOut
 .text.vTaskMissedYield
                0x000028a0       0x14 src/ASF/thirdparty/freertos/freertos-10.0.0/Source/tasks.o
                0x000028a0                vTaskMissedYield
 .text.prvIdleTask
                0x000028b4       0x28 src/ASF/thirdparty/freertos/freertos-10.0.0/Source/tasks.o
 .text.prvInitialiseTaskLists
                0x000028dc       0x8c src/ASF/thirdparty/freertos/freertos-10.0.0/Source/tasks.o
 .text.prvCheckTasksWaitingTermination
                0x00002968       0x6c src/ASF/thirdparty/freertos/freertos-10.0.0/Source/tasks.o
 .text.prvDeleteTCB
                0x000029d4       0x28 src/ASF/thirdparty/freertos/freertos-10.0.0/Source/tasks.o
 .text.prvResetNextTaskUnblockTime
                0x000029fc       0x48 src/ASF/thirdparty/freertos/freertos-10.0.0/Source/tasks.o
 .text.xTaskGetSchedulerState
                0x00002a44       0x38 src/ASF/thirdparty/freertos/freertos-10.0.0/Source/tasks.o
                0x00002a44                xTaskGetSchedulerState
 .text.xTaskPriorityInherit
                0x00002a7c       0xe4 src/ASF/thirdparty/freertos/freertos-10.0.0/Source/tasks.o
                0x00002a7c                xTaskPriorityInherit
 .text.xTaskPriorityDisinherit
                0x00002b60       0xc0 src/ASF/thirdparty/freertos/freertos-10.0.0/Source/tasks.o
                0x00002b60                xTaskPriorityDisinherit
 .text.vTaskPriorityDisinheritAfterTimeout
                0x00002c20       0xf0 src/ASF/thirdparty/freertos/freertos-10.0.0/Source/tasks.o
                0x00002c20                vTaskPriorityDisinheritAfterTimeout
 .text.pvTaskIncrementMutexHeldCount
                0x00002d10       0x24 src/ASF/thirdparty/freertos/freertos-10.0.0/Source/tasks.o
                0x00002d10                pvTaskIncrementMutexHeldCount
 .text.prvAddCurrentTaskToDelayedList
                0x00002d34       0xb4 src/ASF/thirdparty/freertos/freertos-10.0.0/Source/tasks.o
 .text.xTimerCreateTimerTask
                0x00002de8       0x5c src/ASF/thirdparty/freertos/freertos-10.0.0/Source/timers.o
                0x00002de8                xTimerCreateTimerTask
 .text.xTimerGenericCommand
                0x00002e44       0xa8 src/ASF/thirdparty/freertos/freertos-10.0.0/Source/timers.o
                0x00002e44                xTimerGenericCommand
 .text.prvProcessExpiredTimer
                0x00002eec       0x7c src/ASF/thirdparty/freertos/freertos-10.0.0/Source/timers.o
 .text.prvTimerTask
                0x00002f68       0x3c src/ASF/thirdparty/freertos/freertos-10.0.0/Source/timers.o
 .text.prvProcessTimerOrBlockTask
                0x00002fa4       0xa4 src/ASF/thirdparty/freertos/freertos-10.0.0/Source/timers.o
 .text.prvGetNextExpireTime
                0x00003048       0x40 src/ASF/thirdparty/freertos/freertos-10.0.0/Source/timers.o
 .text.prvSampleTimeNow
                0x00003088       0x48 src/ASF/thirdparty/freertos/freertos-10.0.0/Source/timers.o
 .text.prvInsertTimerInActiveList
                0x000030d0       0x88 src/ASF/thirdparty/freertos/freertos-10.0.0/Source/timers.o
 .text.prvProcessReceivedCommands
                0x00003158      0x118 src/ASF/thirdparty/freertos/freertos-10.0.0/Source/timers.o
 .text.prvSwitchTimerLists
                0x00003270       0xc0 src/ASF/thirdparty/freertos/freertos-10.0.0/Source/timers.o
 .text.prvCheckForValidListAndQueue
                0x00003330       0x6c src/ASF/thirdparty/freertos/freertos-10.0.0/Source/timers.o
 .text.__NVIC_SystemReset
                0x0000339c       0x20 src/CliThread/CliThread.o
 .text.system_reset
                0x000033bc        0xc src/CliThread/CliThread.o
 .text.vCommandConsoleTask
                0x000033c8      0x284 src/CliThread/CliThread.o
                0x000033c8                vCommandConsoleTask
 .text.FreeRTOS_read
                0x0000364c       0x7c src/CliThread/CliThread.o
 .text.xCliClearTerminalScreen
                0x000036c8       0x48 src/CliThread/CliThread.o
                0x000036c8                xCliClearTerminalScreen
 .text.CLI_ResetDevice
                0x00003710       0x20 src/CliThread/CliThread.o
                0x00003710                CLI_ResetDevice
 .text.advance_pointer
                0x00003730       0x60 src/SerialConsole/circular_buffer.o
 .text.retreat_pointer
                0x00003790       0x34 src/SerialConsole/circular_buffer.o
 .text.circular_buf_init
                0x000037c4       0x3c src/SerialConsole/circular_buffer.o
                0x000037c4                circular_buf_init
 .text.circular_buf_reset
                0x00003800       0x22 src/SerialConsole/circular_buffer.o
                0x00003800                circular_buf_reset
 *fill*         0x00003822        0x2 
 .text.circular_buf_put
                0x00003824       0x34 src/SerialConsole/circular_buffer.o
                0x00003824                circular_buf_put
 .text.circular_buf_get
                0x00003858       0x54 src/SerialConsole/circular_buffer.o
                0x00003858                circular_buf_get
 .text.circular_buf_empty
                0x000038ac       0x38 src/SerialConsole/circular_buffer.o
                0x000038ac                circular_buf_empty
 .text.__NVIC_SetPriority
                0x000038e4       0xdc src/SerialConsole/SerialConsole.o
 .text.system_interrupt_enable
                0x000039c0       0x2c src/SerialConsole/SerialConsole.o
 .text.usart_is_syncing
                0x000039ec       0x20 src/SerialConsole/SerialConsole.o
 .text._usart_wait_for_sync
                0x00003a0c       0x24 src/SerialConsole/SerialConsole.o
 .text.usart_get_config_defaults
                0x00003a30       0xbe src/SerialConsole/SerialConsole.o
 *fill*         0x00003aee        0x2 
 .text.usart_enable
                0x00003af0       0x48 src/SerialConsole/SerialConsole.o
 .text.usart_enable_callback
                0x00003b38       0x36 src/SerialConsole/SerialConsole.o
 *fill*         0x00003b6e        0x2 
 .text.InitializeSerialConsole
                0x00003b70       0x7c src/SerialConsole/SerialConsole.o
                0x00003b70                InitializeSerialConsole
 .text.SerialConsoleWriteString
                0x00003bec       0x8c src/SerialConsole/SerialConsole.o
                0x00003bec                SerialConsoleWriteString
 .text.SerialConsoleReadCharacter
                0x00003c78       0x3c src/SerialConsole/SerialConsole.o
                0x00003c78                SerialConsoleReadCharacter
 .text.setLogLevel
                0x00003cb4       0x20 src/SerialConsole/SerialConsole.o
                0x00003cb4                setLogLevel
 .text.LogMessage
                0x00003cd4       0x5c src/SerialConsole/SerialConsole.o
                0x00003cd4                LogMessage
 .text.configure_usart
                0x00003d30       0x78 src/SerialConsole/SerialConsole.o
 .text.configure_usart_callbacks
                0x00003da8       0x4c src/SerialConsole/SerialConsole.o
 .text.usart_read_callback
                0x00003df4       0x74 src/SerialConsole/SerialConsole.o
                0x00003df4                usart_read_callback
 .text.usart_write_callback
                0x00003e68       0x44 src/SerialConsole/SerialConsole.o
                0x00003e68                usart_write_callback
 .text.system_gclk_chan_get_config_defaults
                0x00003eac       0x16 src/ASF/sam0/drivers/sercom/usart/usart.o
 *fill*         0x00003ec2        0x2 
 .text.system_apb_clock_set_mask
                0x00003ec4       0x5c src/ASF/sam0/drivers/sercom/usart/usart.o
 .text.system_pinmux_get_config_defaults
                0x00003f20       0x28 src/ASF/sam0/drivers/sercom/usart/usart.o
 .text.system_is_debugger_present
                0x00003f48       0x20 src/ASF/sam0/drivers/sercom/usart/usart.o
 .text.usart_is_syncing
                0x00003f68       0x20 src/ASF/sam0/drivers/sercom/usart/usart.o
 .text._usart_wait_for_sync
                0x00003f88       0x24 src/ASF/sam0/drivers/sercom/usart/usart.o
 .text._usart_set_config
                0x00003fac      0x2d4 src/ASF/sam0/drivers/sercom/usart/usart.o
 .text.usart_init
                0x00004280      0x274 src/ASF/sam0/drivers/sercom/usart/usart.o
                0x00004280                usart_init
 .text.system_interrupt_enter_critical_section
                0x000044f4       0x14 src/ASF/sam0/drivers/sercom/usart/usart_interrupt.o
 .text.system_interrupt_leave_critical_section
                0x00004508       0x14 src/ASF/sam0/drivers/sercom/usart/usart_interrupt.o
 .text.usart_is_syncing
                0x0000451c       0x20 src/ASF/sam0/drivers/sercom/usart/usart_interrupt.o
 .text._usart_wait_for_sync
                0x0000453c       0x24 src/ASF/sam0/drivers/sercom/usart/usart_interrupt.o
 .text._usart_write_buffer
                0x00004560       0x5c src/ASF/sam0/drivers/sercom/usart/usart_interrupt.o
                0x00004560                _usart_write_buffer
 .text._usart_read_buffer
                0x000045bc       0x78 src/ASF/sam0/drivers/sercom/usart/usart_interrupt.o
                0x000045bc                _usart_read_buffer
 .text.usart_register_callback
                0x00004634       0x48 src/ASF/sam0/drivers/sercom/usart/usart_interrupt.o
                0x00004634                usart_register_callback
 .text.usart_write_buffer_job
                0x0000467c       0x48 src/ASF/sam0/drivers/sercom/usart/usart_interrupt.o
                0x0000467c                usart_write_buffer_job
 .text.usart_read_buffer_job
                0x000046c4       0x48 src/ASF/sam0/drivers/sercom/usart/usart_interrupt.o
                0x000046c4                usart_read_buffer_job
 .text.usart_get_job_status
                0x0000470c       0x50 src/ASF/sam0/drivers/sercom/usart/usart_interrupt.o
                0x0000470c                usart_get_job_status
 .text._usart_interrupt_handler
                0x0000475c      0x340 src/ASF/sam0/drivers/sercom/usart/usart_interrupt.o
                0x0000475c                _usart_interrupt_handler
 .text._sercom_default_handler
                0x00004a9c       0x14 src/ASF/sam0/drivers/sercom/sercom_interrupt.o
 .text._sercom_set_handler
                0x00004ab0       0x6c src/ASF/sam0/drivers/sercom/sercom_interrupt.o
                0x00004ab0                _sercom_set_handler
 .text._sercom_get_interrupt_vector
                0x00004b1c       0x44 src/ASF/sam0/drivers/sercom/sercom_interrupt.o
                0x00004b1c                _sercom_get_interrupt_vector
 .text.SERCOM0_Handler
                0x00004b60       0x18 src/ASF/sam0/drivers/sercom/sercom_interrupt.o
                0x00004b60                SERCOM0_Handler
 .text.SERCOM1_Handler
                0x00004b78       0x18 src/ASF/sam0/drivers/sercom/sercom_interrupt.o
                0x00004b78                SERCOM1_Handler
 .text.SERCOM2_Handler
                0x00004b90       0x18 src/ASF/sam0/drivers/sercom/sercom_interrupt.o
                0x00004b90                SERCOM2_Handler
 .text.SERCOM3_Handler
                0x00004ba8       0x18 src/ASF/sam0/drivers/sercom/sercom_interrupt.o
                0x00004ba8                SERCOM3_Handler
 .text.SERCOM4_Handler
                0x00004bc0       0x18 src/ASF/sam0/drivers/sercom/sercom_interrupt.o
                0x00004bc0                SERCOM4_Handler
 .text.SERCOM5_Handler
                0x00004bd8       0x18 src/ASF/sam0/drivers/sercom/sercom_interrupt.o
                0x00004bd8                SERCOM5_Handler
 .text.system_gclk_gen_get_config_defaults
                0x00004bf0       0x2e src/ASF/sam0/drivers/system/clock/clock_samd21_r21_da_ha1/clock.o
 .text.system_clock_source_osc8m_get_config_defaults
                0x00004c1e       0x22 src/ASF/sam0/drivers/system/clock/clock_samd21_r21_da_ha1/clock.o
 .text.system_cpu_clock_set_divider
                0x00004c40       0x20 src/ASF/sam0/drivers/system/clock/clock_samd21_r21_da_ha1/clock.o
 .text.system_apb_clock_set_divider
                0x00004c60       0x54 src/ASF/sam0/drivers/system/clock/clock_samd21_r21_da_ha1/clock.o
 .text.system_flash_set_waitstates
                0x00004cb4       0x34 src/ASF/sam0/drivers/system/clock/clock_samd21_r21_da_ha1/clock.o
 .text._system_dfll_wait_for_sync
                0x00004ce8       0x1c src/ASF/sam0/drivers/system/clock/clock_samd21_r21_da_ha1/clock.o
 .text._system_clock_source_dfll_set_config_errata_9905
                0x00004d04       0x44 src/ASF/sam0/drivers/system/clock/clock_samd21_r21_da_ha1/clock.o
 .text.system_clock_source_get_hz
                0x00004d48       0xc0 src/ASF/sam0/drivers/system/clock/clock_samd21_r21_da_ha1/clock.o
                0x00004d48                system_clock_source_get_hz
 .text.system_clock_source_osc8m_set_config
                0x00004e08       0x78 src/ASF/sam0/drivers/system/clock/clock_samd21_r21_da_ha1/clock.o
                0x00004e08                system_clock_source_osc8m_set_config
 .text.system_clock_source_enable
                0x00004e80       0xac src/ASF/sam0/drivers/system/clock/clock_samd21_r21_da_ha1/clock.o
                0x00004e80                system_clock_source_enable
 .text._switch_peripheral_gclk
                0x00004f2c       0x38 src/ASF/sam0/drivers/system/clock/clock_samd21_r21_da_ha1/clock.o
 .text.system_clock_init
                0x00004f64       0xd4 src/ASF/sam0/drivers/system/clock/clock_samd21_r21_da_ha1/clock.o
                0x00004f64                system_clock_init
 .text.system_apb_clock_set_mask
                0x00005038       0x5c src/ASF/sam0/drivers/system/clock/clock_samd21_r21_da_ha1/gclk.o
 .text.system_interrupt_enter_critical_section
                0x00005094       0x14 src/ASF/sam0/drivers/system/clock/clock_samd21_r21_da_ha1/gclk.o
 .text.system_interrupt_leave_critical_section
                0x000050a8       0x14 src/ASF/sam0/drivers/system/clock/clock_samd21_r21_da_ha1/gclk.o
 .text.system_gclk_is_syncing
                0x000050bc       0x20 src/ASF/sam0/drivers/system/clock/clock_samd21_r21_da_ha1/gclk.o
 .text.system_gclk_init
                0x000050dc       0x30 src/ASF/sam0/drivers/system/clock/clock_samd21_r21_da_ha1/gclk.o
                0x000050dc                system_gclk_init
 .text.system_gclk_gen_set_config
                0x0000510c      0x124 src/ASF/sam0/drivers/system/clock/clock_samd21_r21_da_ha1/gclk.o
                0x0000510c                system_gclk_gen_set_config
 .text.system_gclk_gen_enable
                0x00005230       0x5c src/ASF/sam0/drivers/system/clock/clock_samd21_r21_da_ha1/gclk.o
                0x00005230                system_gclk_gen_enable
 .text.system_gclk_gen_get_hz
                0x0000528c       0xd8 src/ASF/sam0/drivers/system/clock/clock_samd21_r21_da_ha1/gclk.o
                0x0000528c                system_gclk_gen_get_hz
 .text.system_gclk_chan_set_config
                0x00005364       0x44 src/ASF/sam0/drivers/system/clock/clock_samd21_r21_da_ha1/gclk.o
                0x00005364                system_gclk_chan_set_config
 .text.system_gclk_chan_enable
                0x000053a8       0x48 src/ASF/sam0/drivers/system/clock/clock_samd21_r21_da_ha1/gclk.o
                0x000053a8                system_gclk_chan_enable
 .text.system_gclk_chan_disable
                0x000053f0       0x98 src/ASF/sam0/drivers/system/clock/clock_samd21_r21_da_ha1/gclk.o
                0x000053f0                system_gclk_chan_disable
 .text.system_gclk_chan_get_hz
                0x00005488       0x58 src/ASF/sam0/drivers/system/clock/clock_samd21_r21_da_ha1/gclk.o
                0x00005488                system_gclk_chan_get_hz
 .text._system_dummy_init
                0x000054e0        0xa src/ASF/sam0/drivers/system/system.o
                0x000054e0                _system_extint_init
                0x000054e0                _system_events_init
                0x000054e0                _system_dummy_init
                0x000054e0                _system_divas_init
 *fill*         0x000054ea        0x2 
 .text.system_init
                0x000054ec       0x34 src/ASF/sam0/drivers/system/system.o
                0x000054ec                system_init
 .text.system_interrupt_enable_global
                0x00005520       0x1c src/main.o
 .text.main     0x0000553c       0xac src/main.o
                0x0000553c                main
 .text.StartTasks
                0x000055e8       0x90 src/main.o
 .text.vApplicationDaemonTaskStartupHook
                0x00005678       0x18 src/main.o
                0x00005678                vApplicationDaemonTaskStartupHook
 .text.vApplicationMallocFailedHook
                0x00005690       0x18 src/main.o
                0x00005690                vApplicationMallocFailedHook
 .text.vApplicationStackOverflowHook
                0x000056a8       0x18 src/main.o
                0x000056a8                vApplicationStackOverflowHook
 .text          0x000056c0      0x114 c:/program files (x86)/atmel/studio/7.0/toolchain/arm/arm-gnu-toolchain/bin/../lib/gcc/arm-none-eabi/6.3.1/thumb/v6-m\libgcc.a(_udivsi3.o)
                0x000056c0                __aeabi_uidiv
                0x000056c0                __udivsi3
                0x000057cc                __aeabi_uidivmod
 .text          0x000057d4        0x4 c:/program files (x86)/atmel/studio/7.0/toolchain/arm/arm-gnu-toolchain/bin/../lib/gcc/arm-none-eabi/6.3.1/thumb/v6-m\libgcc.a(_dvmd_tls.o)
                0x000057d4                __aeabi_idiv0
                0x000057d4                __aeabi_ldiv0
 .text          0x000057d8       0x54 c:/program files (x86)/atmel/studio/7.0/toolchain/arm/arm-gnu-toolchain/bin/../lib/gcc/arm-none-eabi/6.3.1/thumb/v6-m\libgcc.a(_muldi3.o)
                0x000057d8                __muldi3
                0x000057d8                __aeabi_lmul
 .text.__libc_init_array
                0x0000582c       0x48 c:/program files (x86)/atmel/studio/7.0/toolchain/arm/arm-gnu-toolchain/bin/../lib/gcc/arm-none-eabi/6.3.1/../../../../arm-none-eabi/lib/thumb/v6-m\libc_nano.a(lib_a-init.o)
                0x0000582c                __libc_init_array
 .text.malloc   0x00005874       0x14 c:/program files (x86)/atmel/studio/7.0/toolchain/arm/arm-gnu-toolchain/bin/../lib/gcc/arm-none-eabi/6.3.1/../../../../arm-none-eabi/lib/thumb/v6-m\libc_nano.a(lib_a-malloc.o)
                0x00005874                malloc
 .text.memcpy   0x00005888       0x12 c:/program files (x86)/atmel/studio/7.0/toolchain/arm/arm-gnu-toolchain/bin/../lib/gcc/arm-none-eabi/6.3.1/../../../../arm-none-eabi/lib/thumb/v6-m\libc_nano.a(lib_a-memcpy-stub.o)
                0x00005888                memcpy
 .text.memset   0x0000589a       0x10 c:/program files (x86)/atmel/studio/7.0/toolchain/arm/arm-gnu-toolchain/bin/../lib/gcc/arm-none-eabi/6.3.1/../../../../arm-none-eabi/lib/thumb/v6-m\libc_nano.a(lib_a-memset.o)
                0x0000589a                memset
 *fill*         0x000058aa        0x2 
 .text._free_r  0x000058ac       0x94 c:/program files (x86)/atmel/studio/7.0/toolchain/arm/arm-gnu-toolchain/bin/../lib/gcc/arm-none-eabi/6.3.1/../../../../arm-none-eabi/lib/thumb/v6-m\libc_nano.a(lib_a-nano-freer.o)
                0x000058ac                _free_r
 .text._malloc_r
                0x00005940       0xbc c:/program files (x86)/atmel/studio/7.0/toolchain/arm/arm-gnu-toolchain/bin/../lib/gcc/arm-none-eabi/6.3.1/../../../../arm-none-eabi/lib/thumb/v6-m\libc_nano.a(lib_a-nano-mallocr.o)
                0x00005940                _malloc_r
 .text._sbrk_r  0x000059fc       0x24 c:/program files (x86)/atmel/studio/7.0/toolchain/arm/arm-gnu-toolchain/bin/../lib/gcc/arm-none-eabi/6.3.1/../../../../arm-none-eabi/lib/thumb/v6-m\libc_nano.a(lib_a-sbrkr.o)
                0x000059fc                _sbrk_r
 .text.snprintf
                0x00005a20       0x64 c:/program files (x86)/atmel/studio/7.0/toolchain/arm/arm-gnu-toolchain/bin/../lib/gcc/arm-none-eabi/6.3.1/../../../../arm-none-eabi/lib/thumb/v6-m\libc_nano.a(lib_a-snprintf.o)
                0x00005a20                sniprintf
                0x00005a20                snprintf
 .text.sprintf  0x00005a84       0x44 c:/program files (x86)/atmel/studio/7.0/toolchain/arm/arm-gnu-toolchain/bin/../lib/gcc/arm-none-eabi/6.3.1/../../../../arm-none-eabi/lib/thumb/v6-m\libc_nano.a(lib_a-sprintf.o)
                0x00005a84                siprintf
                0x00005a84                sprintf
 .text.strcasecmp
                0x00005ac8       0x3c c:/program files (x86)/atmel/studio/7.0/toolchain/arm/arm-gnu-toolchain/bin/../lib/gcc/arm-none-eabi/6.3.1/../../../../arm-none-eabi/lib/thumb/v6-m\libc_nano.a(lib_a-strcasecmp.o)
                0x00005ac8                strcasecmp
 .text          0x00005b04        0xe c:/program files (x86)/atmel/studio/7.0/toolchain/arm/arm-gnu-toolchain/bin/../lib/gcc/arm-none-eabi/6.3.1/../../../../arm-none-eabi/lib/thumb/v6-m\libc_nano.a(lib_a-strlen.o)
                0x00005b04                strlen
 .text.strncmp  0x00005b12       0x22 c:/program files (x86)/atmel/studio/7.0/toolchain/arm/arm-gnu-toolchain/bin/../lib/gcc/arm-none-eabi/6.3.1/../../../../arm-none-eabi/lib/thumb/v6-m\libc_nano.a(lib_a-strncmp.o)
                0x00005b12                strncmp
 .text.strncpy  0x00005b34       0x2a c:/program files (x86)/atmel/studio/7.0/toolchain/arm/arm-gnu-toolchain/bin/../lib/gcc/arm-none-eabi/6.3.1/../../../../arm-none-eabi/lib/thumb/v6-m\libc_nano.a(lib_a-strncpy.o)
                0x00005b34                strncpy
 *fill*         0x00005b5e        0x2 
 .text._vsprintf_r
                0x00005b60       0x30 c:/program files (x86)/atmel/studio/7.0/toolchain/arm/arm-gnu-toolchain/bin/../lib/gcc/arm-none-eabi/6.3.1/../../../../arm-none-eabi/lib/thumb/v6-m\libc_nano.a(lib_a-vsprintf.o)
                0x00005b60                _vsprintf_r
                0x00005b60                _vsiprintf_r
 .text.vsprintf
                0x00005b90       0x18 c:/program files (x86)/atmel/studio/7.0/toolchain/arm/arm-gnu-toolchain/bin/../lib/gcc/arm-none-eabi/6.3.1/../../../../arm-none-eabi/lib/thumb/v6-m\libc_nano.a(lib_a-vsprintf.o)
                0x00005b90                vsiprintf
                0x00005b90                vsprintf
 .text.__locale_ctype_ptr
                0x00005ba8       0x1c c:/program files (x86)/atmel/studio/7.0/toolchain/arm/arm-gnu-toolchain/bin/../lib/gcc/arm-none-eabi/6.3.1/../../../../arm-none-eabi/lib/thumb/v6-m\libc_nano.a(lib_a-locale.o)
                0x00005ba8                __locale_ctype_ptr
 .text.__ascii_mbtowc
                0x00005bc4       0x24 c:/program files (x86)/atmel/studio/7.0/toolchain/arm/arm-gnu-toolchain/bin/../lib/gcc/arm-none-eabi/6.3.1/../../../../arm-none-eabi/lib/thumb/v6-m\libc_nano.a(lib_a-mbtowc_r.o)
                0x00005bc4                __ascii_mbtowc
 .text.__malloc_lock
                0x00005be8        0x2 c:/program files (x86)/atmel/studio/7.0/toolchain/arm/arm-gnu-toolchain/bin/../lib/gcc/arm-none-eabi/6.3.1/../../../../arm-none-eabi/lib/thumb/v6-m\libc_nano.a(lib_a-mlock.o)
                0x00005be8                __malloc_lock
 .text.__malloc_unlock
                0x00005bea        0x2 c:/program files (x86)/atmel/studio/7.0/toolchain/arm/arm-gnu-toolchain/bin/../lib/gcc/arm-none-eabi/6.3.1/../../../../arm-none-eabi/lib/thumb/v6-m\libc_nano.a(lib_a-mlock.o)
                0x00005bea                __malloc_unlock
 .text.__ssputs_r
                0x00005bec       0xc4 c:/program files (x86)/atmel/studio/7.0/toolchain/arm/arm-gnu-toolchain/bin/../lib/gcc/arm-none-eabi/6.3.1/../../../../arm-none-eabi/lib/thumb/v6-m\libc_nano.a(lib_a-nano-svfprintf.o)
                0x00005bec                __ssputs_r
 .text._svfprintf_r
                0x00005cb0      0x208 c:/program files (x86)/atmel/studio/7.0/toolchain/arm/arm-gnu-toolchain/bin/../lib/gcc/arm-none-eabi/6.3.1/../../../../arm-none-eabi/lib/thumb/v6-m\libc_nano.a(lib_a-nano-svfprintf.o)
                0x00005cb0                _svfiprintf_r
                0x00005cb0                _svfprintf_r
 .text._printf_common
                0x00005eb8       0xda c:/program files (x86)/atmel/studio/7.0/toolchain/arm/arm-gnu-toolchain/bin/../lib/gcc/arm-none-eabi/6.3.1/../../../../arm-none-eabi/lib/thumb/v6-m\libc_nano.a(lib_a-nano-vfprintf_i.o)
                0x00005eb8                _printf_common
 *fill*         0x00005f92        0x2 
 .text._printf_i
                0x00005f94      0x234 c:/program files (x86)/atmel/studio/7.0/toolchain/arm/arm-gnu-toolchain/bin/../lib/gcc/arm-none-eabi/6.3.1/../../../../arm-none-eabi/lib/thumb/v6-m\libc_nano.a(lib_a-nano-vfprintf_i.o)
                0x00005f94                _printf_i
 .text.__ascii_wctomb
                0x000061c8       0x18 c:/program files (x86)/atmel/studio/7.0/toolchain/arm/arm-gnu-toolchain/bin/../lib/gcc/arm-none-eabi/6.3.1/../../../../arm-none-eabi/lib/thumb/v6-m\libc_nano.a(lib_a-wctomb_r.o)
                0x000061c8                __ascii_wctomb
 .text.memchr   0x000061e0       0x16 c:/program files (x86)/atmel/studio/7.0/toolchain/arm/arm-gnu-toolchain/bin/../lib/gcc/arm-none-eabi/6.3.1/../../../../arm-none-eabi/lib/thumb/v6-m\libc_nano.a(lib_a-memchr-stub.o)
                0x000061e0                memchr
 .text.memmove  0x000061f6       0x24 c:/program files (x86)/atmel/studio/7.0/toolchain/arm/arm-gnu-toolchain/bin/../lib/gcc/arm-none-eabi/6.3.1/../../../../arm-none-eabi/lib/thumb/v6-m\libc_nano.a(lib_a-memmove.o)
                0x000061f6                memmove
 .text._realloc_r
                0x0000621a       0x4c c:/program files (x86)/atmel/studio/7.0/toolchain/arm/arm-gnu-toolchain/bin/../lib/gcc/arm-none-eabi/6.3.1/../../../../arm-none-eabi/lib/thumb/v6-m\libc_nano.a(lib_a-nano-reallocr.o)
                0x0000621a                _realloc_r
 .text._malloc_usable_size_r
                0x00006266       0x10 c:/program files (x86)/atmel/studio/7.0/toolchain/arm/arm-gnu-toolchain/bin/../lib/gcc/arm-none-eabi/6.3.1/../../../../arm-none-eabi/lib/thumb/v6-m\libc_nano.a(lib_a-nano-msizer.o)
                0x00006266                _malloc_usable_size_r
 *(.glue_7t)
 .glue_7t       0x00006276        0x0 linker stubs
 *(.glue_7)
 .glue_7        0x00006276        0x0 linker stubs
 *(.rodata .rodata* .gnu.linkonce.r.*)
 *fill*         0x00006276        0x2 
 .rodata        0x00006278       0x18 src/ASF/sam0/drivers/sercom/sercom.o
 .rodata        0x00006290       0xe0 src/ASF/thirdparty/freertos/freertos-10.0.0/Source/FreeRTOS-Plus-CLI/FreeRTOS_CLI.o
 .rodata.xHelpCommand
                0x00006370       0x10 src/ASF/thirdparty/freertos/freertos-10.0.0/Source/FreeRTOS-Plus-CLI/FreeRTOS_CLI.o
 .rodata        0x00006380        0x5 src/ASF/thirdparty/freertos/freertos-10.0.0/Source/tasks.o
 *fill*         0x00006385        0x3 
 .rodata        0x00006388        0x8 src/ASF/thirdparty/freertos/freertos-10.0.0/Source/timers.o
 .rodata.prvProcessReceivedCommands
                0x00006390       0x28 src/ASF/thirdparty/freertos/freertos-10.0.0/Source/timers.o
 .rodata        0x000063b8       0xe2 src/CliThread/CliThread.o
 *fill*         0x0000649a        0x2 
 .rodata.xClearScreen
                0x0000649c       0x10 src/CliThread/CliThread.o
                0x0000649c                xClearScreen
 .rodata.xResetCommand
                0x000064ac       0x10 src/CliThread/CliThread.o
 .rodata        0x000064bc        0x6 src/ASF/sam0/drivers/sercom/sercom_interrupt.o
 *fill*         0x000064c2        0x2 
 .rodata.system_clock_source_get_hz
                0x000064c4       0x24 src/ASF/sam0/drivers/system/clock/clock_samd21_r21_da_ha1/clock.o
 .rodata.system_clock_source_enable
                0x000064e8       0x24 src/ASF/sam0/drivers/system/clock/clock_samd21_r21_da_ha1/clock.o
 .rodata        0x0000650c      0x18f src/main.o
 .rodata._setlocale_r.str1.1
                0x0000669b        0x8 c:/program files (x86)/atmel/studio/7.0/toolchain/arm/arm-gnu-toolchain/bin/../lib/gcc/arm-none-eabi/6.3.1/../../../../arm-none-eabi/lib/thumb/v6-m\libc_nano.a(lib_a-locale.o)
                                  0x9 (size before relaxing)
 .rodata.str1.1
                0x000066a3        0x2 c:/program files (x86)/atmel/studio/7.0/toolchain/arm/arm-gnu-toolchain/bin/../lib/gcc/arm-none-eabi/6.3.1/../../../../arm-none-eabi/lib/thumb/v6-m\libc_nano.a(lib_a-locale.o)
 .rodata._svfprintf_r.str1.1
                0x000066a5       0x11 c:/program files (x86)/atmel/studio/7.0/toolchain/arm/arm-gnu-toolchain/bin/../lib/gcc/arm-none-eabi/6.3.1/../../../../arm-none-eabi/lib/thumb/v6-m\libc_nano.a(lib_a-nano-svfprintf.o)
 .rodata._printf_i.str1.1
                0x000066b6       0x22 c:/program files (x86)/atmel/studio/7.0/toolchain/arm/arm-gnu-toolchain/bin/../lib/gcc/arm-none-eabi/6.3.1/../../../../arm-none-eabi/lib/thumb/v6-m\libc_nano.a(lib_a-nano-vfprintf_i.o)
 .rodata._ctype_
                0x000066d8      0x101 c:/program files (x86)/atmel/studio/7.0/toolchain/arm/arm-gnu-toolchain/bin/../lib/gcc/arm-none-eabi/6.3.1/../../../../arm-none-eabi/lib/thumb/v6-m\libc_nano.a(lib_a-ctype_.o)
                0x000066d8                _ctype_
 *(.ARM.extab* .gnu.linkonce.armextab.*)
                0x000067dc                . = ALIGN (0x4)
 *fill*         0x000067d9        0x3 
 *(.init)
 .init          0x000067dc        0x4 c:/program files (x86)/atmel/studio/7.0/toolchain/arm/arm-gnu-toolchain/bin/../lib/gcc/arm-none-eabi/6.3.1/thumb/v6-m/crti.o
                0x000067dc                _init
 .init          0x000067e0        0x8 c:/program files (x86)/atmel/studio/7.0/toolchain/arm/arm-gnu-toolchain/bin/../lib/gcc/arm-none-eabi/6.3.1/thumb/v6-m/crtn.o
                0x000067e8                . = ALIGN (0x4)
                0x000067e8                __preinit_array_start = .
 *(.preinit_array)
                0x000067e8                __preinit_array_end = .
                0x000067e8                . = ALIGN (0x4)
                0x000067e8                __init_array_start = .
 *(SORT(.init_array.*))
 *(.init_array)
 .init_array    0x000067e8        0x4 c:/program files (x86)/atmel/studio/7.0/toolchain/arm/arm-gnu-toolchain/bin/../lib/gcc/arm-none-eabi/6.3.1/thumb/v6-m/crtbegin.o
                0x000067ec                __init_array_end = .
                0x000067ec                . = ALIGN (0x4)
 *crtbegin.o(.ctors)
 *(EXCLUDE_FILE(*crtend.o) .ctors)
 *(SORT(.ctors.*))
 *crtend.o(.ctors)
                0x000067ec                . = ALIGN (0x4)
 *(.fini)
 .fini          0x000067ec        0x4 c:/program files (x86)/atmel/studio/7.0/toolchain/arm/arm-gnu-toolchain/bin/../lib/gcc/arm-none-eabi/6.3.1/thumb/v6-m/crti.o
                0x000067ec                _fini
 .fini          0x000067f0        0x8 c:/program files (x86)/atmel/studio/7.0/toolchain/arm/arm-gnu-toolchain/bin/../lib/gcc/arm-none-eabi/6.3.1/thumb/v6-m/crtn.o
                0x000067f8                . = ALIGN (0x4)
                0x000067f8                __fini_array_start = .
 *(.fini_array)
 .fini_array    0x000067f8        0x4 c:/program files (x86)/atmel/studio/7.0/toolchain/arm/arm-gnu-toolchain/bin/../lib/gcc/arm-none-eabi/6.3.1/thumb/v6-m/crtbegin.o
 *(SORT(.fini_array.*))
                0x000067fc                __fini_array_end = .
 *crtbegin.o(.dtors)
 *(EXCLUDE_FILE(*crtend.o) .dtors)
 *(SORT(.dtors.*))
 *crtend.o(.dtors)
                0x000067fc                . = ALIGN (0x4)
                0x000067fc                _efixed = .
                [!provide]                PROVIDE (__exidx_start, .)

.vfp11_veneer   0x000067fc        0x0
 .vfp11_veneer  0x000067fc        0x0 linker stubs

.v4_bx          0x000067fc        0x0
 .v4_bx         0x000067fc        0x0 linker stubs

.iplt           0x000067fc        0x0
 .iplt          0x000067fc        0x0 c:/program files (x86)/atmel/studio/7.0/toolchain/arm/arm-gnu-toolchain/bin/../lib/gcc/arm-none-eabi/6.3.1/thumb/v6-m/crtbegin.o

.eh_frame       0x000067fc        0x0
 .eh_frame      0x000067fc        0x0 c:/program files (x86)/atmel/studio/7.0/toolchain/arm/arm-gnu-toolchain/bin/../lib/gcc/arm-none-eabi/6.3.1/thumb/v6-m/crtbegin.o

.rel.dyn        0x000067fc        0x0
 .rel.iplt      0x000067fc        0x0 c:/program files (x86)/atmel/studio/7.0/toolchain/arm/arm-gnu-toolchain/bin/../lib/gcc/arm-none-eabi/6.3.1/thumb/v6-m/crtbegin.o

.jcr            0x000067fc        0x0
 .jcr           0x000067fc        0x0 c:/program files (x86)/atmel/studio/7.0/toolchain/arm/arm-gnu-toolchain/bin/../lib/gcc/arm-none-eabi/6.3.1/thumb/v6-m/crtbegin.o

.igot.plt       0x000067fc        0x0
 .igot.plt      0x000067fc        0x0 c:/program files (x86)/atmel/studio/7.0/toolchain/arm/arm-gnu-toolchain/bin/../lib/gcc/arm-none-eabi/6.3.1/thumb/v6-m/crtbegin.o

.ARM.exidx
 *(.ARM.exidx* .gnu.linkonce.armexidx.*)
                [!provide]                PROVIDE (__exidx_end, .)
                0x000067fc                . = ALIGN (0x4)
                0x000067fc                _etext = .

.relocate       0x20000000      0x1e4 load address 0x000067fc
                0x20000000                . = ALIGN (0x4)
                0x20000000                _srelocate = .
 *(.ramfunc .ramfunc.*)
 *(.data .data.*)
 .data.g_interrupt_enabled
                0x20000000        0x1 src/ASF/common/utils/interrupt/interrupt_sam_nvic.o
                0x20000000                g_interrupt_enabled
 *fill*         0x20000001        0x3 
 .data.xRegisteredCommands
                0x20000004        0x8 src/ASF/thirdparty/freertos/freertos-10.0.0/Source/FreeRTOS-Plus-CLI/FreeRTOS_CLI.o
 .data.pxLastCommandInList.12265
                0x2000000c        0x4 src/ASF/thirdparty/freertos/freertos-10.0.0/Source/FreeRTOS-Plus-CLI/FreeRTOS_CLI.o
 .data.uxCriticalNesting
                0x20000010        0x4 src/ASF/thirdparty/freertos/freertos-10.0.0/Source/portable/GCC/ARM_CM0/port.o
 .data._impure_ptr
                0x20000014        0x4 c:/program files (x86)/atmel/studio/7.0/toolchain/arm/arm-gnu-toolchain/bin/../lib/gcc/arm-none-eabi/6.3.1/../../../../arm-none-eabi/lib/thumb/v6-m\libc_nano.a(lib_a-impure.o)
                0x20000014                _impure_ptr
 .data.impure_data
                0x20000018       0x60 c:/program files (x86)/atmel/studio/7.0/toolchain/arm/arm-gnu-toolchain/bin/../lib/gcc/arm-none-eabi/6.3.1/../../../../arm-none-eabi/lib/thumb/v6-m\libc_nano.a(lib_a-impure.o)
 .data.__global_locale
                0x20000078      0x16c c:/program files (x86)/atmel/studio/7.0/toolchain/arm/arm-gnu-toolchain/bin/../lib/gcc/arm-none-eabi/6.3.1/../../../../arm-none-eabi/lib/thumb/v6-m\libc_nano.a(lib_a-locale.o)
                0x20000078                __global_locale
                0x200001e4                . = ALIGN (0x4)
                0x200001e4                _erelocate = .

.bss            0x200001e4     0x36f4 load address 0x000069e0
                0x200001e4                . = ALIGN (0x4)
                0x200001e4                _sbss = .
                0x200001e4                _szero = .
 *(.bss .bss.*)
 .bss           0x200001e4       0x1c c:/program files (x86)/atmel/studio/7.0/toolchain/arm/arm-gnu-toolchain/bin/../lib/gcc/arm-none-eabi/6.3.1/thumb/v6-m/crtbegin.o
 .bss.cpu_irq_critical_section_counter
                0x20000200        0x4 src/ASF/common/utils/interrupt/interrupt_sam_nvic.o
 .bss.cpu_irq_prev_interrupt_state
                0x20000204        0x1 src/ASF/common/utils/interrupt/interrupt_sam_nvic.o
 *fill*         0x20000205        0x3 
 .bss._sercom_config
                0x20000208        0x2 src/ASF/sam0/drivers/sercom/sercom.o
 *fill*         0x2000020a        0x2 
 .bss.heap.5296
                0x2000020c        0x4 src/ASF/sam0/utils/syscalls/gcc/syscalls.o
 .bss.pxCommand.12275
                0x20000210        0x4 src/ASF/thirdparty/freertos/freertos-10.0.0/Source/FreeRTOS-Plus-CLI/FreeRTOS_CLI.o
 .bss.pxCommand.12309
                0x20000214        0x4 src/ASF/thirdparty/freertos/freertos-10.0.0/Source/FreeRTOS-Plus-CLI/FreeRTOS_CLI.o
 .bss.ucHeap    0x20000218     0x2ee0 src/ASF/thirdparty/freertos/freertos-10.0.0/Source/portable/MemMang/heap_1.o
 .bss.xNextFreeByte
                0x200030f8        0x4 src/ASF/thirdparty/freertos/freertos-10.0.0/Source/portable/MemMang/heap_1.o
 .bss.pucAlignedHeap.12053
                0x200030fc        0x4 src/ASF/thirdparty/freertos/freertos-10.0.0/Source/portable/MemMang/heap_1.o
 .bss.pxCurrentTCB
                0x20003100        0x4 src/ASF/thirdparty/freertos/freertos-10.0.0/Source/tasks.o
                0x20003100                pxCurrentTCB
 .bss.pxReadyTasksLists
                0x20003104       0x64 src/ASF/thirdparty/freertos/freertos-10.0.0/Source/tasks.o
 .bss.xDelayedTaskList1
                0x20003168       0x14 src/ASF/thirdparty/freertos/freertos-10.0.0/Source/tasks.o
 .bss.xDelayedTaskList2
                0x2000317c       0x14 src/ASF/thirdparty/freertos/freertos-10.0.0/Source/tasks.o
 .bss.pxDelayedTaskList
                0x20003190        0x4 src/ASF/thirdparty/freertos/freertos-10.0.0/Source/tasks.o
 .bss.pxOverflowDelayedTaskList
                0x20003194        0x4 src/ASF/thirdparty/freertos/freertos-10.0.0/Source/tasks.o
 .bss.xPendingReadyList
                0x20003198       0x14 src/ASF/thirdparty/freertos/freertos-10.0.0/Source/tasks.o
 .bss.xTasksWaitingTermination
                0x200031ac       0x14 src/ASF/thirdparty/freertos/freertos-10.0.0/Source/tasks.o
 .bss.uxDeletedTasksWaitingCleanUp
                0x200031c0        0x4 src/ASF/thirdparty/freertos/freertos-10.0.0/Source/tasks.o
 .bss.xSuspendedTaskList
                0x200031c4       0x14 src/ASF/thirdparty/freertos/freertos-10.0.0/Source/tasks.o
 .bss.uxCurrentNumberOfTasks
                0x200031d8        0x4 src/ASF/thirdparty/freertos/freertos-10.0.0/Source/tasks.o
 .bss.xTickCount
                0x200031dc        0x4 src/ASF/thirdparty/freertos/freertos-10.0.0/Source/tasks.o
 .bss.uxTopReadyPriority
                0x200031e0        0x4 src/ASF/thirdparty/freertos/freertos-10.0.0/Source/tasks.o
 .bss.xSchedulerRunning
                0x200031e4        0x4 src/ASF/thirdparty/freertos/freertos-10.0.0/Source/tasks.o
 .bss.uxPendedTicks
                0x200031e8        0x4 src/ASF/thirdparty/freertos/freertos-10.0.0/Source/tasks.o
 .bss.xYieldPending
                0x200031ec        0x4 src/ASF/thirdparty/freertos/freertos-10.0.0/Source/tasks.o
 .bss.xNumOfOverflows
                0x200031f0        0x4 src/ASF/thirdparty/freertos/freertos-10.0.0/Source/tasks.o
 .bss.uxTaskNumber
                0x200031f4        0x4 src/ASF/thirdparty/freertos/freertos-10.0.0/Source/tasks.o
 .bss.xNextTaskUnblockTime
                0x200031f8        0x4 src/ASF/thirdparty/freertos/freertos-10.0.0/Source/tasks.o
 .bss.xIdleTaskHandle
                0x200031fc        0x4 src/ASF/thirdparty/freertos/freertos-10.0.0/Source/tasks.o
 .bss.uxSchedulerSuspended
                0x20003200        0x4 src/ASF/thirdparty/freertos/freertos-10.0.0/Source/tasks.o
 .bss.xActiveTimerList1
                0x20003204       0x14 src/ASF/thirdparty/freertos/freertos-10.0.0/Source/timers.o
 .bss.xActiveTimerList2
                0x20003218       0x14 src/ASF/thirdparty/freertos/freertos-10.0.0/Source/timers.o
 .bss.pxCurrentTimerList
                0x2000322c        0x4 src/ASF/thirdparty/freertos/freertos-10.0.0/Source/timers.o
 .bss.pxOverflowTimerList
                0x20003230        0x4 src/ASF/thirdparty/freertos/freertos-10.0.0/Source/timers.o
 .bss.xTimerQueue
                0x20003234        0x4 src/ASF/thirdparty/freertos/freertos-10.0.0/Source/timers.o
 .bss.xTimerTaskHandle
                0x20003238        0x4 src/ASF/thirdparty/freertos/freertos-10.0.0/Source/timers.o
 .bss.xLastTime.12354
                0x2000323c        0x4 src/ASF/thirdparty/freertos/freertos-10.0.0/Source/timers.o
 .bss.bufCli    0x20003240       0x10 src/CliThread/CliThread.o
 .bss.isEscapeCode.13404
                0x20003250        0x1 src/CliThread/CliThread.o
 .bss.pcEscapeCodePos.13406
                0x20003251        0x1 src/CliThread/CliThread.o
 *fill*         0x20003252        0x2 
 .bss.pcLastCommand.13403
                0x20003254       0x64 src/CliThread/CliThread.o
 .bss.pcInputString.13402
                0x200032b8       0x64 src/CliThread/CliThread.o
 .bss.pcOutputString.13401
                0x2000331c       0x82 src/CliThread/CliThread.o
 *fill*         0x2000339e        0x2 
 .bss.pcEscapeCodes.13405
                0x200033a0        0x4 src/CliThread/CliThread.o
 .bss._handler_table_initialized
                0x200033a4        0x1 src/ASF/sam0/drivers/sercom/sercom_interrupt.o
 *fill*         0x200033a5        0x3 
 .bss._sercom_interrupt_handlers
                0x200033a8       0x18 src/ASF/sam0/drivers/sercom/sercom_interrupt.o
 .bss._system_clock_inst
                0x200033c0       0x18 src/ASF/sam0/drivers/system/clock/clock_samd21_r21_da_ha1/clock.o
 .bss.bufferPrint
                0x200033d8       0x40 src/main.o
 .bss.cliTaskHandle
                0x20003418        0x4 src/main.o
 .bss.__malloc_free_list
                0x2000341c        0x4 c:/program files (x86)/atmel/studio/7.0/toolchain/arm/arm-gnu-toolchain/bin/../lib/gcc/arm-none-eabi/6.3.1/../../../../arm-none-eabi/lib/thumb/v6-m\libc_nano.a(lib_a-nano-mallocr.o)
                0x2000341c                __malloc_free_list
 .bss.__malloc_sbrk_start
                0x20003420        0x4 c:/program files (x86)/atmel/studio/7.0/toolchain/arm/arm-gnu-toolchain/bin/../lib/gcc/arm-none-eabi/6.3.1/../../../../arm-none-eabi/lib/thumb/v6-m\libc_nano.a(lib_a-nano-mallocr.o)
                0x20003420                __malloc_sbrk_start
 *(COMMON)
 COMMON         0x20003424        0x4 src/CliThread/CliThread.o
                0x20003424                xSemaphoreREAD
 COMMON         0x20003428      0x494 src/SerialConsole/SerialConsole.o
                0x20003428                usart_instance
                0x2000345c                bufferMsg
                0x200034ac                cbufRx
                0x200034b0                latestRx
                0x200034b4                txCharacterBuffer
                0x200036b4                rxCharacterBuffer
                0x200038b4                currentDebugLevel
                0x200038b5                latestTx
                0x200038b8                cbufTx
 COMMON         0x200038bc       0x18 src/ASF/sam0/drivers/sercom/sercom_interrupt.o
                0x200038bc                _sercom_instances
 COMMON         0x200038d4        0x4 c:/program files (x86)/atmel/studio/7.0/toolchain/arm/arm-gnu-toolchain/bin/../lib/gcc/arm-none-eabi/6.3.1/../../../../arm-none-eabi/lib/thumb/v6-m\libc_nano.a(lib_a-reent.o)
                0x200038d4                errno
                0x200038d8                . = ALIGN (0x4)
                0x200038d8                _ebss = .
                0x200038d8                _ezero = .

.stack          0x200038d8     0x2000 load address 0x0000a0d4
                0x200038d8                . = ALIGN (0x8)
                0x200038d8                _sstack = .
                0x200058d8                . = (. + STACK_SIZE)
 *fill*         0x200038d8     0x2000 
                0x200058d8                . = ALIGN (0x8)
                0x200058d8                _estack = .
                0x200058d8                . = ALIGN (0x4)
                0x200058d8                _end = .
OUTPUT(CLI_StarterCode.elf elf32-littlearm)

.ARM.attributes
                0x00000000       0x28
 .ARM.attributes
                0x00000000       0x1e c:/program files (x86)/atmel/studio/7.0/toolchain/arm/arm-gnu-toolchain/bin/../lib/gcc/arm-none-eabi/6.3.1/thumb/v6-m/crti.o
 .ARM.attributes
                0x0000001e       0x2c c:/program files (x86)/atmel/studio/7.0/toolchain/arm/arm-gnu-toolchain/bin/../lib/gcc/arm-none-eabi/6.3.1/thumb/v6-m/crtbegin.o
 .ARM.attributes
                0x0000004a       0x32 src/ASF/common/utils/interrupt/interrupt_sam_nvic.o
 .ARM.attributes
                0x0000007c       0x32 src/ASF/sam0/boards/samw25_xplained_pro/board_init.o
 .ARM.attributes
                0x000000ae       0x32 src/ASF/sam0/drivers/port/port.o
 .ARM.attributes
                0x000000e0       0x32 src/ASF/sam0/drivers/sercom/sercom.o
 .ARM.attributes
                0x00000112       0x32 src/ASF/sam0/drivers/system/pinmux/pinmux.o
 .ARM.attributes
                0x00000144       0x32 src/ASF/sam0/utils/cmsis/samd21/source/gcc/startup_samd21.o
 .ARM.attributes
                0x00000176       0x32 src/ASF/sam0/utils/syscalls/gcc/syscalls.o
 .ARM.attributes
                0x000001a8       0x32 src/ASF/thirdparty/freertos/freertos-10.0.0/Source/FreeRTOS-Plus-CLI/FreeRTOS_CLI.o
 .ARM.attributes
                0x000001da       0x32 src/ASF/thirdparty/freertos/freertos-10.0.0/Source/list.o
 .ARM.attributes
                0x0000020c       0x32 src/ASF/thirdparty/freertos/freertos-10.0.0/Source/portable/GCC/ARM_CM0/port.o
 .ARM.attributes
                0x0000023e       0x32 src/ASF/thirdparty/freertos/freertos-10.0.0/Source/portable/MemMang/heap_1.o
 .ARM.attributes
                0x00000270       0x32 src/ASF/thirdparty/freertos/freertos-10.0.0/Source/queue.o
 .ARM.attributes
                0x000002a2       0x32 src/ASF/thirdparty/freertos/freertos-10.0.0/Source/tasks.o
 .ARM.attributes
                0x000002d4       0x32 src/ASF/thirdparty/freertos/freertos-10.0.0/Source/timers.o
 .ARM.attributes
                0x00000306       0x32 src/CliThread/CliThread.o
 .ARM.attributes
                0x00000338       0x32 src/SerialConsole/circular_buffer.o
 .ARM.attributes
                0x0000036a       0x32 src/SerialConsole/SerialConsole.o
 .ARM.attributes
                0x0000039c       0x32 src/ASF/sam0/drivers/sercom/usart/usart.o
 .ARM.attributes
                0x000003ce       0x32 src/ASF/sam0/drivers/sercom/usart/usart_interrupt.o
 .ARM.attributes
                0x00000400       0x32 src/ASF/sam0/drivers/sercom/sercom_interrupt.o
 .ARM.attributes
                0x00000432       0x32 src/ASF/sam0/drivers/system/clock/clock_samd21_r21_da_ha1/clock.o
 .ARM.attributes
                0x00000464       0x32 src/ASF/sam0/drivers/system/clock/clock_samd21_r21_da_ha1/gclk.o
 .ARM.attributes
                0x00000496       0x32 src/ASF/sam0/drivers/system/system.o
 .ARM.attributes
                0x000004c8       0x32 src/main.o
 .ARM.attributes
                0x000004fa       0x1e c:/program files (x86)/atmel/studio/7.0/toolchain/arm/arm-gnu-toolchain/bin/../lib/gcc/arm-none-eabi/6.3.1/thumb/v6-m\libgcc.a(_udivsi3.o)
 .ARM.attributes
                0x00000518       0x1e c:/program files (x86)/atmel/studio/7.0/toolchain/arm/arm-gnu-toolchain/bin/../lib/gcc/arm-none-eabi/6.3.1/thumb/v6-m\libgcc.a(_dvmd_tls.o)
 .ARM.attributes
                0x00000536       0x2c c:/program files (x86)/atmel/studio/7.0/toolchain/arm/arm-gnu-toolchain/bin/../lib/gcc/arm-none-eabi/6.3.1/thumb/v6-m\libgcc.a(_muldi3.o)
 .ARM.attributes
                0x00000562       0x2c c:/program files (x86)/atmel/studio/7.0/toolchain/arm/arm-gnu-toolchain/bin/../lib/gcc/arm-none-eabi/6.3.1/../../../../arm-none-eabi/lib/thumb/v6-m\libc_nano.a(lib_a-impure.o)
 .ARM.attributes
                0x0000058e       0x2c c:/program files (x86)/atmel/studio/7.0/toolchain/arm/arm-gnu-toolchain/bin/../lib/gcc/arm-none-eabi/6.3.1/../../../../arm-none-eabi/lib/thumb/v6-m\libc_nano.a(lib_a-init.o)
 .ARM.attributes
                0x000005ba       0x2c c:/program files (x86)/atmel/studio/7.0/toolchain/arm/arm-gnu-toolchain/bin/../lib/gcc/arm-none-eabi/6.3.1/../../../../arm-none-eabi/lib/thumb/v6-m\libc_nano.a(lib_a-malloc.o)
 .ARM.attributes
                0x000005e6       0x2c c:/program files (x86)/atmel/studio/7.0/toolchain/arm/arm-gnu-toolchain/bin/../lib/gcc/arm-none-eabi/6.3.1/../../../../arm-none-eabi/lib/thumb/v6-m\libc_nano.a(lib_a-memcpy-stub.o)
 .ARM.attributes
                0x00000612       0x2c c:/program files (x86)/atmel/studio/7.0/toolchain/arm/arm-gnu-toolchain/bin/../lib/gcc/arm-none-eabi/6.3.1/../../../../arm-none-eabi/lib/thumb/v6-m\libc_nano.a(lib_a-memset.o)
 .ARM.attributes
                0x0000063e       0x2c c:/program files (x86)/atmel/studio/7.0/toolchain/arm/arm-gnu-toolchain/bin/../lib/gcc/arm-none-eabi/6.3.1/../../../../arm-none-eabi/lib/thumb/v6-m\libc_nano.a(lib_a-nano-freer.o)
 .ARM.attributes
                0x0000066a       0x2c c:/program files (x86)/atmel/studio/7.0/toolchain/arm/arm-gnu-toolchain/bin/../lib/gcc/arm-none-eabi/6.3.1/../../../../arm-none-eabi/lib/thumb/v6-m\libc_nano.a(lib_a-nano-mallocr.o)
 .ARM.attributes
                0x00000696       0x2c c:/program files (x86)/atmel/studio/7.0/toolchain/arm/arm-gnu-toolchain/bin/../lib/gcc/arm-none-eabi/6.3.1/../../../../arm-none-eabi/lib/thumb/v6-m\libc_nano.a(lib_a-sbrkr.o)
 .ARM.attributes
                0x000006c2       0x2c c:/program files (x86)/atmel/studio/7.0/toolchain/arm/arm-gnu-toolchain/bin/../lib/gcc/arm-none-eabi/6.3.1/../../../../arm-none-eabi/lib/thumb/v6-m\libc_nano.a(lib_a-snprintf.o)
 .ARM.attributes
                0x000006ee       0x2c c:/program files (x86)/atmel/studio/7.0/toolchain/arm/arm-gnu-toolchain/bin/../lib/gcc/arm-none-eabi/6.3.1/../../../../arm-none-eabi/lib/thumb/v6-m\libc_nano.a(lib_a-sprintf.o)
 .ARM.attributes
                0x0000071a       0x2c c:/program files (x86)/atmel/studio/7.0/toolchain/arm/arm-gnu-toolchain/bin/../lib/gcc/arm-none-eabi/6.3.1/../../../../arm-none-eabi/lib/thumb/v6-m\libc_nano.a(lib_a-strcasecmp.o)
 .ARM.attributes
                0x00000746       0x1c c:/program files (x86)/atmel/studio/7.0/toolchain/arm/arm-gnu-toolchain/bin/../lib/gcc/arm-none-eabi/6.3.1/../../../../arm-none-eabi/lib/thumb/v6-m\libc_nano.a(lib_a-strlen.o)
 .ARM.attributes
                0x00000762       0x2c c:/program files (x86)/atmel/studio/7.0/toolchain/arm/arm-gnu-toolchain/bin/../lib/gcc/arm-none-eabi/6.3.1/../../../../arm-none-eabi/lib/thumb/v6-m\libc_nano.a(lib_a-strncmp.o)
 .ARM.attributes
                0x0000078e       0x2c c:/program files (x86)/atmel/studio/7.0/toolchain/arm/arm-gnu-toolchain/bin/../lib/gcc/arm-none-eabi/6.3.1/../../../../arm-none-eabi/lib/thumb/v6-m\libc_nano.a(lib_a-strncpy.o)
 .ARM.attributes
                0x000007ba       0x2c c:/program files (x86)/atmel/studio/7.0/toolchain/arm/arm-gnu-toolchain/bin/../lib/gcc/arm-none-eabi/6.3.1/../../../../arm-none-eabi/lib/thumb/v6-m\libc_nano.a(lib_a-vsprintf.o)
 .ARM.attributes
                0x000007e6       0x2c c:/program files (x86)/atmel/studio/7.0/toolchain/arm/arm-gnu-toolchain/bin/../lib/gcc/arm-none-eabi/6.3.1/../../../../arm-none-eabi/lib/thumb/v6-m\libc_nano.a(lib_a-locale.o)
 .ARM.attributes
                0x00000812       0x2c c:/program files (x86)/atmel/studio/7.0/toolchain/arm/arm-gnu-toolchain/bin/../lib/gcc/arm-none-eabi/6.3.1/../../../../arm-none-eabi/lib/thumb/v6-m\libc_nano.a(lib_a-mbtowc_r.o)
 .ARM.attributes
                0x0000083e       0x2c c:/program files (x86)/atmel/studio/7.0/toolchain/arm/arm-gnu-toolchain/bin/../lib/gcc/arm-none-eabi/6.3.1/../../../../arm-none-eabi/lib/thumb/v6-m\libc_nano.a(lib_a-mlock.o)
 .ARM.attributes
                0x0000086a       0x2c c:/program files (x86)/atmel/studio/7.0/toolchain/arm/arm-gnu-toolchain/bin/../lib/gcc/arm-none-eabi/6.3.1/../../../../arm-none-eabi/lib/thumb/v6-m\libc_nano.a(lib_a-nano-svfprintf.o)
 .ARM.attributes
                0x00000896       0x2c c:/program files (x86)/atmel/studio/7.0/toolchain/arm/arm-gnu-toolchain/bin/../lib/gcc/arm-none-eabi/6.3.1/../../../../arm-none-eabi/lib/thumb/v6-m\libc_nano.a(lib_a-nano-vfprintf_i.o)
 .ARM.attributes
                0x000008c2       0x2c c:/program files (x86)/atmel/studio/7.0/toolchain/arm/arm-gnu-toolchain/bin/../lib/gcc/arm-none-eabi/6.3.1/../../../../arm-none-eabi/lib/thumb/v6-m\libc_nano.a(lib_a-reent.o)
 .ARM.attributes
                0x000008ee       0x2c c:/program files (x86)/atmel/studio/7.0/toolchain/arm/arm-gnu-toolchain/bin/../lib/gcc/arm-none-eabi/6.3.1/../../../../arm-none-eabi/lib/thumb/v6-m\libc_nano.a(lib_a-wctomb_r.o)
 .ARM.attributes
                0x0000091a       0x2c c:/program files (x86)/atmel/studio/7.0/toolchain/arm/arm-gnu-toolchain/bin/../lib/gcc/arm-none-eabi/6.3.1/../../../../arm-none-eabi/lib/thumb/v6-m\libc_nano.a(lib_a-ctype_.o)
 .ARM.attributes
                0x00000946       0x2c c:/program files (x86)/atmel/studio/7.0/toolchain/arm/arm-gnu-toolchain/bin/../lib/gcc/arm-none-eabi/6.3.1/../../../../arm-none-eabi/lib/thumb/v6-m\libc_nano.a(lib_a-memchr-stub.o)
 .ARM.attributes
                0x00000972       0x2c c:/program files (x86)/atmel/studio/7.0/toolchain/arm/arm-gnu-toolchain/bin/../lib/gcc/arm-none-eabi/6.3.1/../../../../arm-none-eabi/lib/thumb/v6-m\libc_nano.a(lib_a-memmove.o)
 .ARM.attributes
                0x0000099e       0x2c c:/program files (x86)/atmel/studio/7.0/toolchain/arm/arm-gnu-toolchain/bin/../lib/gcc/arm-none-eabi/6.3.1/../../../../arm-none-eabi/lib/thumb/v6-m\libc_nano.a(lib_a-nano-reallocr.o)
 .ARM.attributes
                0x000009ca       0x2c c:/program files (x86)/atmel/studio/7.0/toolchain/arm/arm-gnu-toolchain/bin/../lib/gcc/arm-none-eabi/6.3.1/../../../../arm-none-eabi/lib/thumb/v6-m\libc_nano.a(lib_a-nano-msizer.o)
 .ARM.attributes
                0x000009f6       0x1e c:/program files (x86)/atmel/studio/7.0/toolchain/arm/arm-gnu-toolchain/bin/../lib/gcc/arm-none-eabi/6.3.1/thumb/v6-m/crtn.o

.comment        0x00000000       0x59
 .comment       0x00000000       0x59 src/ASF/common/utils/interrupt/interrupt_sam_nvic.o
                                 0x5a (size before relaxing)
 .comment       0x00000059       0x5a src/ASF/sam0/boards/samw25_xplained_pro/board_init.o
 .comment       0x00000059       0x5a src/ASF/sam0/drivers/port/port.o
 .comment       0x00000059       0x5a src/ASF/sam0/drivers/sercom/sercom.o
 .comment       0x00000059       0x5a src/ASF/sam0/drivers/system/pinmux/pinmux.o
 .comment       0x00000059       0x5a src/ASF/sam0/utils/cmsis/samd21/source/gcc/startup_samd21.o
 .comment       0x00000059       0x5a src/ASF/sam0/utils/syscalls/gcc/syscalls.o
 .comment       0x00000059       0x5a src/ASF/thirdparty/freertos/freertos-10.0.0/Source/FreeRTOS-Plus-CLI/FreeRTOS_CLI.o
 .comment       0x00000059       0x5a src/ASF/thirdparty/freertos/freertos-10.0.0/Source/list.o
 .comment       0x00000059       0x5a src/ASF/thirdparty/freertos/freertos-10.0.0/Source/portable/GCC/ARM_CM0/port.o
 .comment       0x00000059       0x5a src/ASF/thirdparty/freertos/freertos-10.0.0/Source/portable/MemMang/heap_1.o
 .comment       0x00000059       0x5a src/ASF/thirdparty/freertos/freertos-10.0.0/Source/queue.o
 .comment       0x00000059       0x5a src/ASF/thirdparty/freertos/freertos-10.0.0/Source/tasks.o
 .comment       0x00000059       0x5a src/ASF/thirdparty/freertos/freertos-10.0.0/Source/timers.o
 .comment       0x00000059       0x5a src/CliThread/CliThread.o
 .comment       0x00000059       0x5a src/SerialConsole/circular_buffer.o
 .comment       0x00000059       0x5a src/SerialConsole/SerialConsole.o
 .comment       0x00000059       0x5a src/ASF/sam0/drivers/sercom/usart/usart.o
 .comment       0x00000059       0x5a src/ASF/sam0/drivers/sercom/usart/usart_interrupt.o
 .comment       0x00000059       0x5a src/ASF/sam0/drivers/sercom/sercom_interrupt.o
 .comment       0x00000059       0x5a src/ASF/sam0/drivers/system/clock/clock_samd21_r21_da_ha1/clock.o
 .comment       0x00000059       0x5a src/ASF/sam0/drivers/system/clock/clock_samd21_r21_da_ha1/gclk.o
 .comment       0x00000059       0x5a src/ASF/sam0/drivers/system/system.o
 .comment       0x00000059       0x5a src/main.o

.debug_info     0x00000000    0x2b694
 .debug_info    0x00000000      0xb0a src/ASF/common/utils/interrupt/interrupt_sam_nvic.o
 .debug_info    0x00000b0a     0x12a7 src/ASF/sam0/boards/samw25_xplained_pro/board_init.o
 .debug_info    0x00001db1     0x127c src/ASF/sam0/drivers/port/port.o
 .debug_info    0x0000302d     0x2d91 src/ASF/sam0/drivers/sercom/sercom.o
 .debug_info    0x00005dbe     0x13be src/ASF/sam0/drivers/system/pinmux/pinmux.o
 .debug_info    0x0000717c     0x3a42 src/ASF/sam0/utils/cmsis/samd21/source/gcc/startup_samd21.o
 .debug_info    0x0000abbe      0xda1 src/ASF/sam0/utils/syscalls/gcc/syscalls.o
 .debug_info    0x0000b95f      0xe47 src/ASF/thirdparty/freertos/freertos-10.0.0/Source/FreeRTOS-Plus-CLI/FreeRTOS_CLI.o
 .debug_info    0x0000c7a6      0xc69 src/ASF/thirdparty/freertos/freertos-10.0.0/Source/list.o
 .debug_info    0x0000d40f      0xcf3 src/ASF/thirdparty/freertos/freertos-10.0.0/Source/portable/GCC/ARM_CM0/port.o
 .debug_info    0x0000e102      0xb84 src/ASF/thirdparty/freertos/freertos-10.0.0/Source/portable/MemMang/heap_1.o
 .debug_info    0x0000ec86     0x2224 src/ASF/thirdparty/freertos/freertos-10.0.0/Source/queue.o
 .debug_info    0x00010eaa     0x291e src/ASF/thirdparty/freertos/freertos-10.0.0/Source/tasks.o
 .debug_info    0x000137c8     0x16c7 src/ASF/thirdparty/freertos/freertos-10.0.0/Source/timers.o
 .debug_info    0x00014e8f     0x11d7 src/CliThread/CliThread.o
 .debug_info    0x00016066      0xd03 src/SerialConsole/circular_buffer.o
 .debug_info    0x00016d69     0x38df src/SerialConsole/SerialConsole.o
 .debug_info    0x0001a648     0x484d src/ASF/sam0/drivers/sercom/usart/usart.o
 .debug_info    0x0001ee95     0x2f5b src/ASF/sam0/drivers/sercom/usart/usart_interrupt.o
 .debug_info    0x00021df0     0x2b6a src/ASF/sam0/drivers/sercom/sercom_interrupt.o
 .debug_info    0x0002495a     0x36e4 src/ASF/sam0/drivers/system/clock/clock_samd21_r21_da_ha1/clock.o
 .debug_info    0x0002803e     0x1d0b src/ASF/sam0/drivers/system/clock/clock_samd21_r21_da_ha1/gclk.o
 .debug_info    0x00029d49      0xa74 src/ASF/sam0/drivers/system/system.o
 .debug_info    0x0002a7bd      0xed7 src/main.o

.debug_abbrev   0x00000000     0x41b4
 .debug_abbrev  0x00000000      0x23d src/ASF/common/utils/interrupt/interrupt_sam_nvic.o
 .debug_abbrev  0x0000023d      0x2a2 src/ASF/sam0/boards/samw25_xplained_pro/board_init.o
 .debug_abbrev  0x000004df      0x27b src/ASF/sam0/drivers/port/port.o
 .debug_abbrev  0x0000075a      0x30e src/ASF/sam0/drivers/sercom/sercom.o
 .debug_abbrev  0x00000a68      0x2d7 src/ASF/sam0/drivers/system/pinmux/pinmux.o
 .debug_abbrev  0x00000d3f      0x227 src/ASF/sam0/utils/cmsis/samd21/source/gcc/startup_samd21.o
 .debug_abbrev  0x00000f66      0x22a src/ASF/sam0/utils/syscalls/gcc/syscalls.o
 .debug_abbrev  0x00001190      0x271 src/ASF/thirdparty/freertos/freertos-10.0.0/Source/FreeRTOS-Plus-CLI/FreeRTOS_CLI.o
 .debug_abbrev  0x00001401      0x203 src/ASF/thirdparty/freertos/freertos-10.0.0/Source/list.o
 .debug_abbrev  0x00001604      0x2d0 src/ASF/thirdparty/freertos/freertos-10.0.0/Source/portable/GCC/ARM_CM0/port.o
 .debug_abbrev  0x000018d4      0x280 src/ASF/thirdparty/freertos/freertos-10.0.0/Source/portable/MemMang/heap_1.o
 .debug_abbrev  0x00001b54      0x2b4 src/ASF/thirdparty/freertos/freertos-10.0.0/Source/queue.o
 .debug_abbrev  0x00001e08      0x2e5 src/ASF/thirdparty/freertos/freertos-10.0.0/Source/tasks.o
 .debug_abbrev  0x000020ed      0x2c5 src/ASF/thirdparty/freertos/freertos-10.0.0/Source/timers.o
 .debug_abbrev  0x000023b2      0x2f0 src/CliThread/CliThread.o
 .debug_abbrev  0x000026a2      0x211 src/SerialConsole/circular_buffer.o
 .debug_abbrev  0x000028b3      0x3ca src/SerialConsole/SerialConsole.o
 .debug_abbrev  0x00002c7d      0x38f src/ASF/sam0/drivers/sercom/usart/usart.o
 .debug_abbrev  0x0000300c      0x344 src/ASF/sam0/drivers/sercom/usart/usart_interrupt.o
 .debug_abbrev  0x00003350      0x2bf src/ASF/sam0/drivers/sercom/sercom_interrupt.o
 .debug_abbrev  0x0000360f      0x3ab src/ASF/sam0/drivers/system/clock/clock_samd21_r21_da_ha1/clock.o
 .debug_abbrev  0x000039ba      0x37a src/ASF/sam0/drivers/system/clock/clock_samd21_r21_da_ha1/gclk.o
 .debug_abbrev  0x00003d34      0x1e1 src/ASF/sam0/drivers/system/system.o
 .debug_abbrev  0x00003f15      0x29f src/main.o

.debug_loc      0x00000000     0x3f14
 .debug_loc     0x00000000       0x64 src/ASF/common/utils/interrupt/interrupt_sam_nvic.o
 .debug_loc     0x00000064      0x118 src/ASF/sam0/boards/samw25_xplained_pro/board_init.o
 .debug_loc     0x0000017c       0xa8 src/ASF/sam0/drivers/port/port.o
 .debug_loc     0x00000224      0x18c src/ASF/sam0/drivers/sercom/sercom.o
 .debug_loc     0x000003b0      0x150 src/ASF/sam0/drivers/system/pinmux/pinmux.o
 .debug_loc     0x00000500       0x64 src/ASF/sam0/utils/cmsis/samd21/source/gcc/startup_samd21.o
 .debug_loc     0x00000564      0x1ec src/ASF/sam0/utils/syscalls/gcc/syscalls.o
 .debug_loc     0x00000750      0x144 src/ASF/thirdparty/freertos/freertos-10.0.0/Source/FreeRTOS-Plus-CLI/FreeRTOS_CLI.o
 .debug_loc     0x00000894      0x118 src/ASF/thirdparty/freertos/freertos-10.0.0/Source/list.o
 .debug_loc     0x000009ac      0x1dc src/ASF/thirdparty/freertos/freertos-10.0.0/Source/portable/GCC/ARM_CM0/port.o
 .debug_loc     0x00000b88       0xc8 src/ASF/thirdparty/freertos/freertos-10.0.0/Source/portable/MemMang/heap_1.o
 .debug_loc     0x00000c50      0x850 src/ASF/thirdparty/freertos/freertos-10.0.0/Source/queue.o
 .debug_loc     0x000014a0      0xcad src/ASF/thirdparty/freertos/freertos-10.0.0/Source/tasks.o
 .debug_loc     0x0000214d      0x4b8 src/ASF/thirdparty/freertos/freertos-10.0.0/Source/timers.o
 .debug_loc     0x00002605      0x138 src/CliThread/CliThread.o
 .debug_loc     0x0000273d      0x2a0 src/SerialConsole/circular_buffer.o
 .debug_loc     0x000029dd      0x43e src/SerialConsole/SerialConsole.o
 .debug_loc     0x00002e1b      0x297 src/ASF/sam0/drivers/sercom/usart/usart.o
 .debug_loc     0x000030b2      0x330 src/ASF/sam0/drivers/sercom/usart/usart_interrupt.o
 .debug_loc     0x000033e2      0x1b0 src/ASF/sam0/drivers/sercom/sercom_interrupt.o
 .debug_loc     0x00003592      0x476 src/ASF/sam0/drivers/system/clock/clock_samd21_r21_da_ha1/clock.o
 .debug_loc     0x00003a08      0x388 src/ASF/sam0/drivers/system/clock/clock_samd21_r21_da_ha1/gclk.o
 .debug_loc     0x00003d90       0x58 src/ASF/sam0/drivers/system/system.o
 .debug_loc     0x00003de8      0x12c src/main.o

.debug_aranges  0x00000000      0xbb0
 .debug_aranges
                0x00000000       0x28 src/ASF/common/utils/interrupt/interrupt_sam_nvic.o
 .debug_aranges
                0x00000028       0x40 src/ASF/sam0/boards/samw25_xplained_pro/board_init.o
 .debug_aranges
                0x00000068       0x30 src/ASF/sam0/drivers/port/port.o
 .debug_aranges
                0x00000098       0x50 src/ASF/sam0/drivers/sercom/sercom.o
 .debug_aranges
                0x000000e8       0x48 src/ASF/sam0/drivers/system/pinmux/pinmux.o
 .debug_aranges
                0x00000130       0x28 src/ASF/sam0/utils/cmsis/samd21/source/gcc/startup_samd21.o
 .debug_aranges
                0x00000158       0x60 src/ASF/sam0/utils/syscalls/gcc/syscalls.o
 .debug_aranges
                0x000001b8       0x48 src/ASF/thirdparty/freertos/freertos-10.0.0/Source/FreeRTOS-Plus-CLI/FreeRTOS_CLI.o
 .debug_aranges
                0x00000200       0x40 src/ASF/thirdparty/freertos/freertos-10.0.0/Source/list.o
 .debug_aranges
                0x00000240       0x88 src/ASF/thirdparty/freertos/freertos-10.0.0/Source/portable/GCC/ARM_CM0/port.o
 .debug_aranges
                0x000002c8       0x38 src/ASF/thirdparty/freertos/freertos-10.0.0/Source/portable/MemMang/heap_1.o
 .debug_aranges
                0x00000300      0x148 src/ASF/thirdparty/freertos/freertos-10.0.0/Source/queue.o
 .debug_aranges
                0x00000448      0x1f0 src/ASF/thirdparty/freertos/freertos-10.0.0/Source/tasks.o
 .debug_aranges
                0x00000638       0xc8 src/ASF/thirdparty/freertos/freertos-10.0.0/Source/timers.o
 .debug_aranges
                0x00000700       0x48 src/CliThread/CliThread.o
 .debug_aranges
                0x00000748       0x78 src/SerialConsole/circular_buffer.o
 .debug_aranges
                0x000007c0       0xb8 src/SerialConsole/SerialConsole.o
 .debug_aranges
                0x00000878       0x78 src/ASF/sam0/drivers/sercom/usart/usart.o
 .debug_aranges
                0x000008f0       0x90 src/ASF/sam0/drivers/sercom/usart/usart_interrupt.o
 .debug_aranges
                0x00000980       0x60 src/ASF/sam0/drivers/sercom/sercom_interrupt.o
 .debug_aranges
                0x000009e0       0xc0 src/ASF/sam0/drivers/system/clock/clock_samd21_r21_da_ha1/clock.o
 .debug_aranges
                0x00000aa0       0xa0 src/ASF/sam0/drivers/system/clock/clock_samd21_r21_da_ha1/gclk.o
 .debug_aranges
                0x00000b40       0x28 src/ASF/sam0/drivers/system/system.o
 .debug_aranges
                0x00000b68       0x48 src/main.o

.debug_ranges   0x00000000      0xa30
 .debug_ranges  0x00000000       0x18 src/ASF/common/utils/interrupt/interrupt_sam_nvic.o
 .debug_ranges  0x00000018       0x30 src/ASF/sam0/boards/samw25_xplained_pro/board_init.o
 .debug_ranges  0x00000048       0x20 src/ASF/sam0/drivers/port/port.o
 .debug_ranges  0x00000068       0x40 src/ASF/sam0/drivers/sercom/sercom.o
 .debug_ranges  0x000000a8       0x38 src/ASF/sam0/drivers/system/pinmux/pinmux.o
 .debug_ranges  0x000000e0       0x18 src/ASF/sam0/utils/cmsis/samd21/source/gcc/startup_samd21.o
 .debug_ranges  0x000000f8       0x50 src/ASF/sam0/utils/syscalls/gcc/syscalls.o
 .debug_ranges  0x00000148       0x38 src/ASF/thirdparty/freertos/freertos-10.0.0/Source/FreeRTOS-Plus-CLI/FreeRTOS_CLI.o
 .debug_ranges  0x00000180       0x30 src/ASF/thirdparty/freertos/freertos-10.0.0/Source/list.o
 .debug_ranges  0x000001b0       0x78 src/ASF/thirdparty/freertos/freertos-10.0.0/Source/portable/GCC/ARM_CM0/port.o
 .debug_ranges  0x00000228       0x28 src/ASF/thirdparty/freertos/freertos-10.0.0/Source/portable/MemMang/heap_1.o
 .debug_ranges  0x00000250      0x138 src/ASF/thirdparty/freertos/freertos-10.0.0/Source/queue.o
 .debug_ranges  0x00000388      0x1e0 src/ASF/thirdparty/freertos/freertos-10.0.0/Source/tasks.o
 .debug_ranges  0x00000568       0xb8 src/ASF/thirdparty/freertos/freertos-10.0.0/Source/timers.o
 .debug_ranges  0x00000620       0x38 src/CliThread/CliThread.o
 .debug_ranges  0x00000658       0x68 src/SerialConsole/circular_buffer.o
 .debug_ranges  0x000006c0       0xa8 src/SerialConsole/SerialConsole.o
 .debug_ranges  0x00000768       0x68 src/ASF/sam0/drivers/sercom/usart/usart.o
 .debug_ranges  0x000007d0       0x80 src/ASF/sam0/drivers/sercom/usart/usart_interrupt.o
 .debug_ranges  0x00000850       0x50 src/ASF/sam0/drivers/sercom/sercom_interrupt.o
 .debug_ranges  0x000008a0       0xb0 src/ASF/sam0/drivers/system/clock/clock_samd21_r21_da_ha1/clock.o
 .debug_ranges  0x00000950       0x90 src/ASF/sam0/drivers/system/clock/clock_samd21_r21_da_ha1/gclk.o
 .debug_ranges  0x000009e0       0x18 src/ASF/sam0/drivers/system/system.o
 .debug_ranges  0x000009f8       0x38 src/main.o

.debug_macro    0x00000000    0x1d031
 .debug_macro   0x00000000      0x50b src/ASF/common/utils/interrupt/interrupt_sam_nvic.o
 .debug_macro   0x0000050b      0x8c2 src/ASF/common/utils/interrupt/interrupt_sam_nvic.o
 .debug_macro   0x00000dcd      0x16d src/ASF/common/utils/interrupt/interrupt_sam_nvic.o
 .debug_macro   0x00000f3a      0x71d src/ASF/common/utils/interrupt/interrupt_sam_nvic.o
 .debug_macro   0x00001657       0x22 src/ASF/common/utils/interrupt/interrupt_sam_nvic.o
 .debug_macro   0x00001679       0x87 src/ASF/common/utils/interrupt/interrupt_sam_nvic.o
 .debug_macro   0x00001700       0x51 src/ASF/common/utils/interrupt/interrupt_sam_nvic.o
 .debug_macro   0x00001751       0xef src/ASF/common/utils/interrupt/interrupt_sam_nvic.o
 .debug_macro   0x00001840       0x6a src/ASF/common/utils/interrupt/interrupt_sam_nvic.o
 .debug_macro   0x000018aa      0x1df src/ASF/common/utils/interrupt/interrupt_sam_nvic.o
 .debug_macro   0x00001a89       0x10 src/ASF/common/utils/interrupt/interrupt_sam_nvic.o
 .debug_macro   0x00001a99       0x76 src/ASF/common/utils/interrupt/interrupt_sam_nvic.o
 .debug_macro   0x00001b0f       0x16 src/ASF/common/utils/interrupt/interrupt_sam_nvic.o
 .debug_macro   0x00001b25      0x6db src/ASF/common/utils/interrupt/interrupt_sam_nvic.o
 .debug_macro   0x00002200      0xdd8 src/ASF/common/utils/interrupt/interrupt_sam_nvic.o
 .debug_macro   0x00002fd8       0x22 src/ASF/common/utils/interrupt/interrupt_sam_nvic.o
 .debug_macro   0x00002ffa       0x40 src/ASF/common/utils/interrupt/interrupt_sam_nvic.o
 .debug_macro   0x0000303a       0x1c src/ASF/common/utils/interrupt/interrupt_sam_nvic.o
 .debug_macro   0x00003056       0x22 src/ASF/common/utils/interrupt/interrupt_sam_nvic.o
 .debug_macro   0x00003078       0xb5 src/ASF/common/utils/interrupt/interrupt_sam_nvic.o
 .debug_macro   0x0000312d      0x3ad src/ASF/common/utils/interrupt/interrupt_sam_nvic.o
 .debug_macro   0x000034da      0x681 src/ASF/common/utils/interrupt/interrupt_sam_nvic.o
 .debug_macro   0x00003b5b      0x8b5 src/ASF/common/utils/interrupt/interrupt_sam_nvic.o
 .debug_macro   0x00004410      0x230 src/ASF/common/utils/interrupt/interrupt_sam_nvic.o
 .debug_macro   0x00004640      0xd60 src/ASF/common/utils/interrupt/interrupt_sam_nvic.o
 .debug_macro   0x000053a0      0x4cb src/ASF/common/utils/interrupt/interrupt_sam_nvic.o
 .debug_macro   0x0000586b      0x9f8 src/ASF/common/utils/interrupt/interrupt_sam_nvic.o
 .debug_macro   0x00006263      0x82b src/ASF/common/utils/interrupt/interrupt_sam_nvic.o
 .debug_macro   0x00006a8e      0x455 src/ASF/common/utils/interrupt/interrupt_sam_nvic.o
 .debug_macro   0x00006ee3       0x5e src/ASF/common/utils/interrupt/interrupt_sam_nvic.o
 .debug_macro   0x00006f41      0x8fd src/ASF/common/utils/interrupt/interrupt_sam_nvic.o
 .debug_macro   0x0000783e      0x21c src/ASF/common/utils/interrupt/interrupt_sam_nvic.o
 .debug_macro   0x00007a5a      0x95b src/ASF/common/utils/interrupt/interrupt_sam_nvic.o
 .debug_macro   0x000083b5       0x5e src/ASF/common/utils/interrupt/interrupt_sam_nvic.o
 .debug_macro   0x00008413      0x667 src/ASF/common/utils/interrupt/interrupt_sam_nvic.o
 .debug_macro   0x00008a7a      0x3af src/ASF/common/utils/interrupt/interrupt_sam_nvic.o
 .debug_macro   0x00008e29      0xc7a src/ASF/common/utils/interrupt/interrupt_sam_nvic.o
 .debug_macro   0x00009aa3     0x1092 src/ASF/common/utils/interrupt/interrupt_sam_nvic.o
 .debug_macro   0x0000ab35      0xc4a src/ASF/common/utils/interrupt/interrupt_sam_nvic.o
 .debug_macro   0x0000b77f      0x6ba src/ASF/common/utils/interrupt/interrupt_sam_nvic.o
 .debug_macro   0x0000be39     0x1bbf src/ASF/common/utils/interrupt/interrupt_sam_nvic.o
 .debug_macro   0x0000d9f8     0x1440 src/ASF/common/utils/interrupt/interrupt_sam_nvic.o
 .debug_macro   0x0000ee38      0x344 src/ASF/common/utils/interrupt/interrupt_sam_nvic.o
 .debug_macro   0x0000f17c       0x7c src/ASF/common/utils/interrupt/interrupt_sam_nvic.o
 .debug_macro   0x0000f1f8       0xa0 src/ASF/common/utils/interrupt/interrupt_sam_nvic.o
 .debug_macro   0x0000f298       0x4c src/ASF/common/utils/interrupt/interrupt_sam_nvic.o
 .debug_macro   0x0000f2e4       0xca src/ASF/common/utils/interrupt/interrupt_sam_nvic.o
 .debug_macro   0x0000f3ae       0x94 src/ASF/common/utils/interrupt/interrupt_sam_nvic.o
 .debug_macro   0x0000f442       0x58 src/ASF/common/utils/interrupt/interrupt_sam_nvic.o
 .debug_macro   0x0000f49a      0x37d src/ASF/common/utils/interrupt/interrupt_sam_nvic.o
 .debug_macro   0x0000f817       0x82 src/ASF/common/utils/interrupt/interrupt_sam_nvic.o
 .debug_macro   0x0000f899      0x18d src/ASF/common/utils/interrupt/interrupt_sam_nvic.o
 .debug_macro   0x0000fa26       0xb8 src/ASF/common/utils/interrupt/interrupt_sam_nvic.o
 .debug_macro   0x0000fade       0xa0 src/ASF/common/utils/interrupt/interrupt_sam_nvic.o
 .debug_macro   0x0000fb7e       0xb8 src/ASF/common/utils/interrupt/interrupt_sam_nvic.o
 .debug_macro   0x0000fc36       0x1c src/ASF/common/utils/interrupt/interrupt_sam_nvic.o
 .debug_macro   0x0000fc52       0x1c src/ASF/common/utils/interrupt/interrupt_sam_nvic.o
 .debug_macro   0x0000fc6e       0x1c src/ASF/common/utils/interrupt/interrupt_sam_nvic.o
 .debug_macro   0x0000fc8a       0x82 src/ASF/common/utils/interrupt/interrupt_sam_nvic.o
 .debug_macro   0x0000fd0c      0x15a src/ASF/common/utils/interrupt/interrupt_sam_nvic.o
 .debug_macro   0x0000fe66       0xdc src/ASF/common/utils/interrupt/interrupt_sam_nvic.o
 .debug_macro   0x0000ff42      0x128 src/ASF/common/utils/interrupt/interrupt_sam_nvic.o
 .debug_macro   0x0001006a      0x128 src/ASF/common/utils/interrupt/interrupt_sam_nvic.o
 .debug_macro   0x00010192      0x128 src/ASF/common/utils/interrupt/interrupt_sam_nvic.o
 .debug_macro   0x000102ba      0x128 src/ASF/common/utils/interrupt/interrupt_sam_nvic.o
 .debug_macro   0x000103e2      0x128 src/ASF/common/utils/interrupt/interrupt_sam_nvic.o
 .debug_macro   0x0001050a      0x128 src/ASF/common/utils/interrupt/interrupt_sam_nvic.o
 .debug_macro   0x00010632      0x124 src/ASF/common/utils/interrupt/interrupt_sam_nvic.o
 .debug_macro   0x00010756       0xe2 src/ASF/common/utils/interrupt/interrupt_sam_nvic.o
 .debug_macro   0x00010838       0xe2 src/ASF/common/utils/interrupt/interrupt_sam_nvic.o
 .debug_macro   0x0001091a       0xe2 src/ASF/common/utils/interrupt/interrupt_sam_nvic.o
 .debug_macro   0x000109fc      0x130 src/ASF/common/utils/interrupt/interrupt_sam_nvic.o
 .debug_macro   0x00010b2c      0x106 src/ASF/common/utils/interrupt/interrupt_sam_nvic.o
 .debug_macro   0x00010c32       0xfa src/ASF/common/utils/interrupt/interrupt_sam_nvic.o
 .debug_macro   0x00010d2c      0x40f src/ASF/common/utils/interrupt/interrupt_sam_nvic.o
 .debug_macro   0x0001113b       0x40 src/ASF/common/utils/interrupt/interrupt_sam_nvic.o
 .debug_macro   0x0001117b      0x361 src/ASF/common/utils/interrupt/interrupt_sam_nvic.o
 .debug_macro   0x000114dc     0x16e3 src/ASF/common/utils/interrupt/interrupt_sam_nvic.o
 .debug_macro   0x00012bbf       0x6d src/ASF/common/utils/interrupt/interrupt_sam_nvic.o
 .debug_macro   0x00012c2c       0x58 src/ASF/common/utils/interrupt/interrupt_sam_nvic.o
 .debug_macro   0x00012c84       0x35 src/ASF/common/utils/interrupt/interrupt_sam_nvic.o
 .debug_macro   0x00012cb9       0x9c src/ASF/common/utils/interrupt/interrupt_sam_nvic.o
 .debug_macro   0x00012d55       0x16 src/ASF/common/utils/interrupt/interrupt_sam_nvic.o
 .debug_macro   0x00012d6b       0x35 src/ASF/common/utils/interrupt/interrupt_sam_nvic.o
 .debug_macro   0x00012da0      0x34d src/ASF/common/utils/interrupt/interrupt_sam_nvic.o
 .debug_macro   0x000130ed       0x10 src/ASF/common/utils/interrupt/interrupt_sam_nvic.o
 .debug_macro   0x000130fd       0x58 src/ASF/common/utils/interrupt/interrupt_sam_nvic.o
 .debug_macro   0x00013155       0x1f src/ASF/common/utils/interrupt/interrupt_sam_nvic.o
 .debug_macro   0x00013174       0x43 src/ASF/common/utils/interrupt/interrupt_sam_nvic.o
 .debug_macro   0x000131b7       0x20 src/ASF/common/utils/interrupt/interrupt_sam_nvic.o
 .debug_macro   0x000131d7      0x187 src/ASF/common/utils/interrupt/interrupt_sam_nvic.o
 .debug_macro   0x0001335e       0x10 src/ASF/common/utils/interrupt/interrupt_sam_nvic.o
 .debug_macro   0x0001336e       0x1c src/ASF/common/utils/interrupt/interrupt_sam_nvic.o
 .debug_macro   0x0001338a       0x52 src/ASF/common/utils/interrupt/interrupt_sam_nvic.o
 .debug_macro   0x000133dc       0x40 src/ASF/common/utils/interrupt/interrupt_sam_nvic.o
 .debug_macro   0x0001341c       0x10 src/ASF/common/utils/interrupt/interrupt_sam_nvic.o
 .debug_macro   0x0001342c       0x40 src/ASF/common/utils/interrupt/interrupt_sam_nvic.o
 .debug_macro   0x0001346c       0xd7 src/ASF/common/utils/interrupt/interrupt_sam_nvic.o
 .debug_macro   0x00013543       0x16 src/ASF/common/utils/interrupt/interrupt_sam_nvic.o
 .debug_macro   0x00013559      0x18b src/ASF/common/utils/interrupt/interrupt_sam_nvic.o
 .debug_macro   0x000136e4       0x16 src/ASF/common/utils/interrupt/interrupt_sam_nvic.o